[    0.000000] Linux version 5.3.0-40-generic (buildd@lcy01-amd64-024) (gcc version 7.4.0 (Ubuntu 7.4.0-1ubuntu1~18.04.1)) #32~18.04.1-Ubuntu SMP Mon Feb 3 14:05:59 UTC 2020 (Ubuntu 5.3.0-40.32~18.04.1-generic 5.3.18)
[    0.000000] Command line: BOOT_IMAGE=/boot/vmlinuz-5.3.0-40-generic root=UUID=e7e212b0-8f2e-41b3-b6ca-421baf2aaaa4 ro quiet splash
[    0.000000] KERNEL supported cpus:
[    0.000000]   Intel GenuineIntel
[    0.000000]   AMD AuthenticAMD
[    0.000000]   Hygon HygonGenuine
[    0.000000]   Centaur CentaurHauls
[    0.000000]   zhaoxin   Shanghai  
[    0.000000] x86/fpu: Supporting XSAVE feature 0x001: 'x87 floating point registers'
[    0.000000] x86/fpu: Supporting XSAVE feature 0x002: 'SSE registers'
[    0.000000] x86/fpu: Supporting XSAVE feature 0x004: 'AVX registers'
[    0.000000] x86/fpu: xstate_offset[2]:  576, xstate_sizes[2]:  256
[    0.000000] x86/fpu: Enabled xstate features 0x7, context size is 832 bytes, using 'standard' format.
[    0.000000] BIOS-provided physical RAM map:
[    0.000000] BIOS-e820: [mem 0x0000000000000000-0x000000000009fbff] usable
[    0.000000] BIOS-e820: [mem 0x000000000009fc00-0x000000000009ffff] reserved
[    0.000000] BIOS-e820: [mem 0x00000000000f0000-0x00000000000fffff] reserved
[    0.000000] BIOS-e820: [mem 0x0000000000100000-0x000000007ffeffff] usable
[    0.000000] BIOS-e820: [mem 0x000000007fff0000-0x000000007fffffff] ACPI data
[    0.000000] BIOS-e820: [mem 0x00000000fec00000-0x00000000fec00fff] reserved
[    0.000000] BIOS-e820: [mem 0x00000000fee00000-0x00000000fee00fff] reserved
[    0.000000] BIOS-e820: [mem 0x00000000fffc0000-0x00000000ffffffff] reserved
[    0.000000] NX (Execute Disable) protection: active
[    0.000000] SMBIOS 2.5 present.
[    0.000000] DMI: innotek GmbH VirtualBox/VirtualBox, BIOS VirtualBox 12/01/2006
[    0.000000] Hypervisor detected: KVM
[    0.000000] kvm-clock: Using msrs 4b564d01 and 4b564d00
[    0.000000] kvm-clock: cpu 0, msr 64401001, primary cpu clock
[    0.000000] kvm-clock: using sched offset of 4155718984 cycles
[    0.000002] clocksource: kvm-clock: mask: 0xffffffffffffffff max_cycles: 0x1cd42e4dffb, max_idle_ns: 881590591483 ns
[    0.000004] tsc: Detected 2904.002 MHz processor
[    0.004485] e820: update [mem 0x00000000-0x00000fff] usable ==> reserved
[    0.004491] e820: remove [mem 0x000a0000-0x000fffff] usable
[    0.004496] last_pfn = 0x7fff0 max_arch_pfn = 0x400000000
[    0.004512] MTRR default type: uncachable
[    0.004513] MTRR variable ranges disabled:
[    0.004515] Disabled
[    0.004516] x86/PAT: MTRRs disabled, skipping PAT initialization too.
[    0.004518] CPU MTRRs all blank - virtualized system.
[    0.004520] x86/PAT: Configuration [0-7]: WB  WT  UC- UC  WB  WT  UC- UC  
[    0.004562] found SMP MP-table at [mem 0x0009fff0-0x0009ffff]
[    0.104912] check: Scanning 1 areas for low memory corruption
[    0.104934] BRK [0x64601000, 0x64601fff] PGTABLE
[    0.104936] BRK [0x64602000, 0x64602fff] PGTABLE
[    0.104936] BRK [0x64603000, 0x64603fff] PGTABLE
[    0.104963] BRK [0x64604000, 0x64604fff] PGTABLE
[    0.104964] BRK [0x64605000, 0x64605fff] PGTABLE
[    0.105058] BRK [0x64606000, 0x64606fff] PGTABLE
[    0.105080] RAMDISK: [mem 0x330d9000-0x35863fff]
[    0.105090] ACPI: Early table checksum verification disabled
[    0.105093] ACPI: RSDP 0x00000000000E0000 000024 (v02 VBOX  )
[    0.105096] ACPI: XSDT 0x000000007FFF0030 00003C (v01 VBOX   VBOXXSDT 00000001 ASL  00000061)
[    0.105101] ACPI: FACP 0x000000007FFF00F0 0000F4 (v04 VBOX   VBOXFACP 00000001 ASL  00000061)
[    0.105105] ACPI: DSDT 0x000000007FFF0470 0022EA (v02 VBOX   VBOXBIOS 00000002 INTL 20100528)
[    0.105108] ACPI: FACS 0x000000007FFF0200 000040
[    0.105111] ACPI: FACS 0x000000007FFF0200 000040
[    0.105113] ACPI: APIC 0x000000007FFF0240 000054 (v02 VBOX   VBOXAPIC 00000001 ASL  00000061)
[    0.105116] ACPI: SSDT 0x000000007FFF02A0 0001CC (v01 VBOX   VBOXCPUT 00000002 INTL 20100528)
[    0.105123] ACPI: Local APIC address 0xfee00000
[    0.105355] No NUMA configuration found
[    0.105356] Faking a node at [mem 0x0000000000000000-0x000000007ffeffff]
[    0.105363] NODE_DATA(0) allocated [mem 0x7ffc5000-0x7ffeffff]
[    0.105574] Zone ranges:
[    0.105575]   DMA      [mem 0x0000000000001000-0x0000000000ffffff]
[    0.105576]   DMA32    [mem 0x0000000001000000-0x000000007ffeffff]
[    0.105577]   Normal   empty
[    0.105578]   Device   empty
[    0.105579] Movable zone start for each node
[    0.105582] Early memory node ranges
[    0.105583]   node   0: [mem 0x0000000000001000-0x000000000009efff]
[    0.105584]   node   0: [mem 0x0000000000100000-0x000000007ffeffff]
[    0.105586] Zeroed struct page in unavailable ranges: 98 pages
[    0.105587] Initmem setup node 0 [mem 0x0000000000001000-0x000000007ffeffff]
[    0.105588] On node 0 totalpages: 524174
[    0.105589]   DMA zone: 64 pages used for memmap
[    0.105590]   DMA zone: 21 pages reserved
[    0.105591]   DMA zone: 3998 pages, LIFO batch:0
[    0.105647]   DMA32 zone: 8128 pages used for memmap
[    0.105648]   DMA32 zone: 520176 pages, LIFO batch:63
[    0.116345] ACPI: PM-Timer IO Port: 0x4008
[    0.116353] ACPI: Local APIC address 0xfee00000
[    0.116647] IOAPIC[0]: apic_id 1, version 32, address 0xfec00000, GSI 0-23
[    0.116656] ACPI: INT_SRC_OVR (bus 0 bus_irq 0 global_irq 2 dfl dfl)
[    0.116660] ACPI: INT_SRC_OVR (bus 0 bus_irq 9 global_irq 9 low level)
[    0.116662] ACPI: IRQ0 used by override.
[    0.116663] ACPI: IRQ9 used by override.
[    0.116666] Using ACPI (MADT) for SMP configuration information
[    0.116701] smpboot: Allowing 1 CPUs, 0 hotplug CPUs
[    0.116924] PM: Registered nosave memory: [mem 0x00000000-0x00000fff]
[    0.116942] PM: Registered nosave memory: [mem 0x0009f000-0x0009ffff]
[    0.116944] PM: Registered nosave memory: [mem 0x000a0000-0x000effff]
[    0.116945] PM: Registered nosave memory: [mem 0x000f0000-0x000fffff]
[    0.116949] [mem 0x80000000-0xfebfffff] available for PCI devices
[    0.116952] Booting paravirtualized kernel on KVM
[    0.116956] clocksource: refined-jiffies: mask: 0xffffffff max_cycles: 0xffffffff, max_idle_ns: 7645519600211568 ns
[    0.116963] setup_percpu: NR_CPUS:8192 nr_cpumask_bits:1 nr_cpu_ids:1 nr_node_ids:1
[    0.125414] percpu: Embedded 54 pages/cpu s184320 r8192 d28672 u2097152
[    0.125421] pcpu-alloc: s184320 r8192 d28672 u2097152 alloc=1*2097152
[    0.125422] pcpu-alloc: [0] 0 
[    0.125449] Built 1 zonelists, mobility grouping on.  Total pages: 515961
[    0.125450] Policy zone: DMA32
[    0.125452] Kernel command line: BOOT_IMAGE=/boot/vmlinuz-5.3.0-40-generic root=UUID=e7e212b0-8f2e-41b3-b6ca-421baf2aaaa4 ro quiet splash
[    0.132742] Dentry cache hash table entries: 262144 (order: 9, 2097152 bytes, linear)
[    0.134342] Inode-cache hash table entries: 131072 (order: 8, 1048576 bytes, linear)
[    0.134410] mem auto-init: stack:off, heap alloc:on, heap free:off
[    0.134413] Calgary: detecting Calgary via BIOS EBDA area
[    0.134414] Calgary: Unable to locate Rio Grande table in EBDA - bailing!
[    0.140534] Memory: 1986760K/2096696K available (14339K kernel code, 2369K rwdata, 4664K rodata, 2660K init, 5076K bss, 109936K reserved, 0K cma-reserved)
[    0.147043] SLUB: HWalign=64, Order=0-3, MinObjects=0, CPUs=1, Nodes=1
[    0.147061] Kernel/User page tables isolation: enabled
[    0.147080] ftrace: allocating 42886 entries in 168 pages
[    0.190010] rcu: Hierarchical RCU implementation.
[    0.190013] rcu: 	RCU restricting CPUs from NR_CPUS=8192 to nr_cpu_ids=1.
[    0.190014] 	Tasks RCU enabled.
[    0.190015] rcu: RCU calculated value of scheduler-enlistment delay is 25 jiffies.
[    0.190016] rcu: Adjusting geometry for rcu_fanout_leaf=16, nr_cpu_ids=1
[    0.194148] NR_IRQS: 524544, nr_irqs: 256, preallocated irqs: 16
[    0.194402] random: crng done (trusting CPU's manufacturer)
[    0.208036] Console: colour VGA+ 80x25
[    0.208039] printk: console [tty0] enabled
[    0.208061] ACPI: Core revision 20190703
[    0.208171] APIC: Switch to symmetric I/O mode setup
[    0.208405] x2apic enabled
[    0.208643] Switched APIC routing to physical x2apic.
[    0.209668] ..TIMER: vector=0x30 apic1=0 pin1=2 apic2=-1 pin2=-1
[    0.209689] clocksource: tsc-early: mask: 0xffffffffffffffff max_cycles: 0x29dc079b5d9, max_idle_ns: 440795223751 ns
[    0.209693] Calibrating delay loop (skipped) preset value.. 5808.00 BogoMIPS (lpj=11616008)
[    0.209695] pid_max: default: 32768 minimum: 301
[    0.209726] LSM: Security Framework initializing
[    0.209734] Yama: becoming mindful.
[    0.209747] AppArmor: AppArmor initialized
[    0.209774] Mount-cache hash table entries: 4096 (order: 3, 32768 bytes, linear)
[    0.209777] Mountpoint-cache hash table entries: 4096 (order: 3, 32768 bytes, linear)
[    0.209895] *** VALIDATE proc ***
[    0.209930] *** VALIDATE cgroup1 ***
[    0.209931] *** VALIDATE cgroup2 ***
[    0.210076] process: using mwait in idle threads
[    0.210080] Last level iTLB entries: 4KB 64, 2MB 8, 4MB 8
[    0.210081] Last level dTLB entries: 4KB 64, 2MB 0, 4MB 0, 1GB 4
[    0.210083] Spectre V1 : Mitigation: usercopy/swapgs barriers and __user pointer sanitization
[    0.210084] Spectre V2 : Mitigation: Full generic retpoline
[    0.210085] Spectre V2 : Spectre v2 / SpectreRSB mitigation: Filling RSB on context switch
[    0.210085] Speculative Store Bypass: Vulnerable
[    0.210088] MDS: Vulnerable: Clear CPU buffers attempted, no microcode
[    0.216963] Freeing SMP alternatives memory: 40K
[    0.327891] smpboot: CPU0: Intel(R) Core(TM) i7-7600U CPU @ 2.80GHz (family: 0x6, model: 0x8e, stepping: 0x9)
[    0.327997] Performance Events: unsupported p6 CPU model 142 no PMU driver, software events only.
[    0.328019] rcu: Hierarchical SRCU implementation.
[    0.328506] NMI watchdog: Perf NMI watchdog permanently disabled
[    0.328523] smp: Bringing up secondary CPUs ...
[    0.328524] smp: Brought up 1 node, 1 CPU
[    0.328525] smpboot: Max logical packages: 1
[    0.328526] smpboot: Total of 1 processors activated (5808.00 BogoMIPS)
[    0.329741] devtmpfs: initialized
[    0.329792] x86/mm: Memory block size: 128MB
[    0.330173] clocksource: jiffies: mask: 0xffffffff max_cycles: 0xffffffff, max_idle_ns: 7645041785100000 ns
[    0.330176] futex hash table entries: 256 (order: 2, 16384 bytes, linear)
[    0.330226] pinctrl core: initialized pinctrl subsystem
[    0.330340] PM: RTC time: 08:45:53, date: 2020-02-29
[    0.330456] NET: Registered protocol family 16
[    0.333706] audit: initializing netlink subsys (disabled)
[    0.333854] EISA bus registered
[    0.333855] cpuidle: using governor ladder
[    0.333856] cpuidle: using governor menu
[    0.333902] ACPI: bus type PCI registered
[    0.333903] acpiphp: ACPI Hot Plug PCI Controller Driver version: 0.5
[    0.334023] PCI: Using configuration type 1 for base access
[    0.337720] audit: type=2000 audit(1582965959.638:1): state=initialized audit_enabled=0 res=1
[    0.338496] HugeTLB registered 2.00 MiB page size, pre-allocated 0 pages
[    0.342218] ACPI: Added _OSI(Module Device)
[    0.342219] ACPI: Added _OSI(Processor Device)
[    0.342220] ACPI: Added _OSI(3.0 _SCP Extensions)
[    0.342220] ACPI: Added _OSI(Processor Aggregator Device)
[    0.342221] ACPI: Added _OSI(Linux-Dell-Video)
[    0.342222] ACPI: Added _OSI(Linux-Lenovo-NV-HDMI-Audio)
[    0.342223] ACPI: Added _OSI(Linux-HPI-Hybrid-Graphics)
[    0.345088] ACPI: 2 ACPI AML tables successfully acquired and loaded
[    0.347625] ACPI: Interpreter enabled
[    0.347637] ACPI: (supports S0 S5)
[    0.347639] ACPI: Using IOAPIC for interrupt routing
[    0.348118] PCI: Using host bridge windows from ACPI; if necessary, use "pci=nocrs" and report a bug
[    0.348367] ACPI: Enabled 2 GPEs in block 00 to 07
[    0.357772] ACPI: PCI Root Bridge [PCI0] (domain 0000 [bus 00-ff])
[    0.357777] acpi PNP0A03:00: _OSC: OS supports [ASPM ClockPM Segments MSI HPX-Type3]
[    0.358388] acpi PNP0A03:00: _OSC: not requesting OS control; OS requires [ExtendedConfig ASPM ClockPM MSI]
[    0.358397] acpi PNP0A03:00: fail to add MMCONFIG information, can't access extended PCI configuration space under this bridge.
[    0.358741] PCI host bridge to bus 0000:00
[    0.358743] pci_bus 0000:00: root bus resource [io  0x0000-0x0cf7 window]
[    0.358744] pci_bus 0000:00: root bus resource [io  0x0d00-0xffff window]
[    0.358745] pci_bus 0000:00: root bus resource [mem 0x000a0000-0x000bffff window]
[    0.358746] pci_bus 0000:00: root bus resource [mem 0x80000000-0xfdffffff window]
[    0.358747] pci_bus 0000:00: root bus resource [bus 00-ff]
[    0.358786] pci 0000:00:00.0: [8086:1237] type 00 class 0x060000
[    0.359735] pci 0000:00:01.0: [8086:7000] type 00 class 0x060100
[    0.360617] pci 0000:00:01.1: [8086:7111] type 00 class 0x01018a
[    0.361014] pci 0000:00:01.1: reg 0x20: [io  0xd000-0xd00f]
[    0.361181] pci 0000:00:01.1: legacy IDE quirk: reg 0x10: [io  0x01f0-0x01f7]
[    0.361182] pci 0000:00:01.1: legacy IDE quirk: reg 0x14: [io  0x03f6]
[    0.361183] pci 0000:00:01.1: legacy IDE quirk: reg 0x18: [io  0x0170-0x0177]
[    0.361183] pci 0000:00:01.1: legacy IDE quirk: reg 0x1c: [io  0x0376]
[    0.361713] pci 0000:00:02.0: [15ad:0405] type 00 class 0x030000
[    0.363054] pci 0000:00:02.0: reg 0x10: [io  0xd010-0xd01f]
[    0.364260] pci 0000:00:02.0: reg 0x14: [mem 0xf0000000-0xf0ffffff]
[    0.365545] pci 0000:00:02.0: reg 0x18: [mem 0xf1000000-0xf11fffff]
[    0.374626] pci 0000:00:03.0: [8086:100e] type 00 class 0x020000
[    0.375511] pci 0000:00:03.0: reg 0x10: [mem 0xf1200000-0xf121ffff]
[    0.377857] pci 0000:00:03.0: reg 0x18: [io  0xd020-0xd027]
[    0.387803] pci 0000:00:04.0: [80ee:cafe] type 00 class 0x088000
[    0.389814] pci 0000:00:04.0: reg 0x10: [io  0xd040-0xd05f]
[    0.391704] pci 0000:00:04.0: reg 0x14: [mem 0xf1400000-0xf17fffff]
[    0.393795] pci 0000:00:04.0: reg 0x18: [mem 0xf1800000-0xf1803fff pref]
[    0.400624] pci 0000:00:05.0: [8086:2415] type 00 class 0x040100
[    0.400841] pci 0000:00:05.0: reg 0x10: [io  0xd100-0xd1ff]
[    0.400951] pci 0000:00:05.0: reg 0x14: [io  0xd200-0xd23f]
[    0.403169] pci 0000:00:06.0: [106b:003f] type 00 class 0x0c0310
[    0.404474] pci 0000:00:06.0: reg 0x10: [mem 0xf1804000-0xf1804fff]
[    0.411262] pci 0000:00:07.0: [8086:7113] type 00 class 0x068000
[    0.411839] pci 0000:00:07.0: quirk: [io  0x4000-0x403f] claimed by PIIX4 ACPI
[    0.411850] pci 0000:00:07.0: quirk: [io  0x4100-0x410f] claimed by PIIX4 SMB
[    0.414228] pci 0000:00:0d.0: [8086:2829] type 00 class 0x010601
[    0.415528] pci 0000:00:0d.0: reg 0x10: [io  0xd240-0xd247]
[    0.418037] pci 0000:00:0d.0: reg 0x14: [io  0xd248-0xd24b]
[    0.421784] pci 0000:00:0d.0: reg 0x18: [io  0xd250-0xd257]
[    0.422683] pci 0000:00:0d.0: reg 0x1c: [io  0xd258-0xd25b]
[    0.423470] pci 0000:00:0d.0: reg 0x20: [io  0xd260-0xd26f]
[    0.424215] pci 0000:00:0d.0: reg 0x24: [mem 0xf1806000-0xf1807fff]
[    0.436917] ACPI: PCI Interrupt Link [LNKA] (IRQs 5 9 10 *11)
[    0.437842] ACPI: PCI Interrupt Link [LNKB] (IRQs 5 9 *10 11)
[    0.438148] ACPI: PCI Interrupt Link [LNKC] (IRQs 5 *9 10 11)
[    0.438447] ACPI: PCI Interrupt Link [LNKD] (IRQs 5 9 10 *11)
[    0.438937] SCSI subsystem initialized
[    0.438964] libata version 3.00 loaded.
[    0.439007] pci 0000:00:02.0: vgaarb: setting as boot VGA device
[    0.439009] pci 0000:00:02.0: vgaarb: VGA device added: decodes=io+mem,owns=io+mem,locks=none
[    0.439010] pci 0000:00:02.0: vgaarb: bridge control possible
[    0.439011] vgaarb: loaded
[    0.439024] ACPI: bus type USB registered
[    0.439037] usbcore: registered new interface driver usbfs
[    0.439043] usbcore: registered new interface driver hub
[    0.439047] usbcore: registered new device driver usb
[    0.439078] pps_core: LinuxPPS API ver. 1 registered
[    0.439078] pps_core: Software ver. 5.3.6 - Copyright 2005-2007 Rodolfo Giometti <giometti@linux.it>
[    0.439080] PTP clock support registered
[    0.439106] EDAC MC: Ver: 3.0.0
[    0.439356] PCI: Using ACPI for IRQ routing
[    0.439357] PCI: pci_cache_line_size set to 64 bytes
[    0.439513] e820: reserve RAM buffer [mem 0x0009fc00-0x0009ffff]
[    0.439514] e820: reserve RAM buffer [mem 0x7fff0000-0x7fffffff]
[    0.441716] NetLabel: Initializing
[    0.441719] NetLabel:  domain hash size = 128
[    0.441719] NetLabel:  protocols = UNLABELED CIPSOv4 CALIPSO
[    0.441747] NetLabel:  unlabeled traffic allowed by default
[    0.445891] clocksource: Switched to clocksource kvm-clock
[    0.511350] VFS: Disk quotas dquot_6.6.0
[    0.511363] VFS: Dquot-cache hash table entries: 512 (order 0, 4096 bytes)
[    0.511386] *** VALIDATE hugetlbfs ***
[    0.511457] AppArmor: AppArmor Filesystem Enabled
[    0.511478] pnp: PnP ACPI init
[    0.511546] pnp 00:00: Plug and Play ACPI device, IDs PNP0303 (active)
[    0.511707] pnp 00:01: Plug and Play ACPI device, IDs PNP0f03 (active)
[    0.516420] pnp: PnP ACPI: found 2 devices
[    0.518143] thermal_sys: Registered thermal governor 'fair_share'
[    0.518144] thermal_sys: Registered thermal governor 'bang_bang'
[    0.518145] thermal_sys: Registered thermal governor 'step_wise'
[    0.518146] thermal_sys: Registered thermal governor 'user_space'
[    0.518147] thermal_sys: Registered thermal governor 'power_allocator'
[    0.522699] clocksource: acpi_pm: mask: 0xffffff max_cycles: 0xffffff, max_idle_ns: 2085701024 ns
[    0.522745] pci_bus 0000:00: resource 4 [io  0x0000-0x0cf7 window]
[    0.522746] pci_bus 0000:00: resource 5 [io  0x0d00-0xffff window]
[    0.522747] pci_bus 0000:00: resource 6 [mem 0x000a0000-0x000bffff window]
[    0.522749] pci_bus 0000:00: resource 7 [mem 0x80000000-0xfdffffff window]
[    0.522798] NET: Registered protocol family 2
[    0.522911] tcp_listen_portaddr_hash hash table entries: 1024 (order: 2, 16384 bytes, linear)
[    0.522920] TCP established hash table entries: 16384 (order: 5, 131072 bytes, linear)
[    0.522942] TCP bind hash table entries: 16384 (order: 6, 262144 bytes, linear)
[    0.522958] TCP: Hash tables configured (established 16384 bind 16384)
[    0.522975] UDP hash table entries: 1024 (order: 3, 32768 bytes, linear)
[    0.522980] UDP-Lite hash table entries: 1024 (order: 3, 32768 bytes, linear)
[    0.523048] NET: Registered protocol family 1
[    0.523051] NET: Registered protocol family 44
[    0.523073] pci 0000:00:00.0: Limiting direct PCI/PCI transfers
[    0.523084] pci 0000:00:01.0: Activating ISA DMA hang workarounds
[    0.523211] pci 0000:00:02.0: Video device with shadowed ROM at [mem 0x000c0000-0x000dffff]
[    0.524540] PCI: CLS 0 bytes, default 64
[    0.531093] Trying to unpack rootfs image as initramfs...
[    1.402174] Freeing initrd memory: 40492K
[    1.402249] clocksource: tsc: mask: 0xffffffffffffffff max_cycles: 0x29dc079b5d9, max_idle_ns: 440795223751 ns
[    1.402256] clocksource: Switched to clocksource tsc
[    1.402281] platform rtc_cmos: registered platform RTC device (no PNP device found)
[    1.402301] check: Scanning for low memory corruption every 60 seconds
[    1.403554] Initialise system trusted keyrings
[    1.403560] Key type blacklist registered
[    1.403583] workingset: timestamp_bits=36 max_order=19 bucket_order=0
[    1.404774] zbud: loaded
[    1.405110] squashfs: version 4.0 (2009/01/31) Phillip Lougher
[    1.405233] fuse: init (API version 7.31)
[    1.414103] Platform Keyring initialized
[    1.417097] Key type asymmetric registered
[    1.417098] Asymmetric key parser 'x509' registered
[    1.417108] Block layer SCSI generic (bsg) driver version 0.4 loaded (major 244)
[    1.417123] io scheduler mq-deadline registered
[    1.417212] shpchp: Standard Hot Plug PCI Controller Driver version: 0.4
[    1.417355] ACPI: AC Adapter [AC] (on-line)
[    1.417389] input: Power Button as /devices/LNXSYSTM:00/LNXPWRBN:00/input/input0
[    1.417398] ACPI: Power Button [PWRF]
[    1.417458] input: Sleep Button as /devices/LNXSYSTM:00/LNXSLPBN:00/input/input1
[    1.417462] ACPI: Sleep Button [SLPF]
[    1.418446] battery: ACPI: Battery Slot [BAT0] (battery present)
[    1.418475] Serial: 8250/16550 driver, 32 ports, IRQ sharing enabled
[    1.419557] Linux agpgart interface v0.103
[    1.420656] loop: module loaded
[    1.420749] ata_piix 0000:00:01.1: version 2.13
[    1.421080] scsi host0: ata_piix
[    1.421180] scsi host1: ata_piix
[    1.421211] ata1: PATA max UDMA/33 cmd 0x1f0 ctl 0x3f6 bmdma 0xd000 irq 14
[    1.421212] ata2: PATA max UDMA/33 cmd 0x170 ctl 0x376 bmdma 0xd008 irq 15
[    1.421295] libphy: Fixed MDIO Bus: probed
[    1.421296] tun: Universal TUN/TAP device driver, 1.6
[    1.421703] PPP generic driver version 2.4.2
[    1.421719] ehci_hcd: USB 2.0 'Enhanced' Host Controller (EHCI) Driver
[    1.421719] ehci-pci: EHCI PCI platform driver
[    1.421719] ehci-platform: EHCI generic platform driver
[    1.421719] ohci_hcd: USB 1.1 'Open' Host Controller (OHCI) Driver
[    1.421719] ohci-pci: OHCI PCI platform driver
[    1.422394] ohci-pci 0000:00:06.0: OHCI PCI host controller
[    1.422398] ohci-pci 0000:00:06.0: new USB bus registered, assigned bus number 1
[    1.422454] ohci-pci 0000:00:06.0: irq 22, io mem 0xf1804000
[    1.483208] usb usb1: New USB device found, idVendor=1d6b, idProduct=0001, bcdDevice= 5.03
[    1.483213] usb usb1: New USB device strings: Mfr=3, Product=2, SerialNumber=1
[    1.483216] usb usb1: Product: OHCI PCI host controller
[    1.483219] usb usb1: Manufacturer: Linux 5.3.0-40-generic ohci_hcd
[    1.483222] usb usb1: SerialNumber: 0000:00:06.0
[    1.483515] hub 1-0:1.0: USB hub found
[    1.483553] hub 1-0:1.0: 12 ports detected
[    1.484639] ohci-platform: OHCI generic platform driver
[    1.484661] uhci_hcd: USB Universal Host Controller Interface driver
[    1.484774] i8042: PNP: PS/2 Controller [PNP0303:PS2K,PNP0f03:PS2M] at 0x60,0x64 irq 1,12
[    1.485700] serio: i8042 KBD port at 0x60,0x64 irq 1
[    1.485700] serio: i8042 AUX port at 0x60,0x64 irq 12
[    1.486136] mousedev: PS/2 mouse device common for all mice
[    1.486647] input: AT Translated Set 2 keyboard as /devices/platform/i8042/serio0/input/input2
[    1.487315] rtc_cmos rtc_cmos: registered as rtc0
[    1.487336] rtc_cmos rtc_cmos: alarms up to one day, 114 bytes nvram
[    1.487344] i2c /dev entries driver
[    1.487402] device-mapper: uevent: version 1.0.3
[    1.487518] device-mapper: ioctl: 4.40.0-ioctl (2019-01-18) initialised: dm-devel@redhat.com
[    1.487546] platform eisa.0: Probing EISA bus 0
[    1.487548] platform eisa.0: EISA: Cannot allocate resource for mainboard
[    1.487550] platform eisa.0: Cannot allocate resource for EISA slot 1
[    1.487551] platform eisa.0: Cannot allocate resource for EISA slot 2
[    1.487553] platform eisa.0: Cannot allocate resource for EISA slot 3
[    1.487554] platform eisa.0: Cannot allocate resource for EISA slot 4
[    1.487556] platform eisa.0: Cannot allocate resource for EISA slot 5
[    1.487557] platform eisa.0: Cannot allocate resource for EISA slot 6
[    1.487559] platform eisa.0: Cannot allocate resource for EISA slot 7
[    1.487560] platform eisa.0: Cannot allocate resource for EISA slot 8
[    1.487561] platform eisa.0: EISA: Detected 0 cards
[    1.487564] intel_pstate: CPU model not supported
[    1.487575] ledtrig-cpu: registered to indicate activity on CPUs
[    1.487686] intel_pmc_core intel_pmc_core.0:  initialized
[    1.487984] NET: Registered protocol family 10
[    1.495958] Segment Routing with IPv6
[    1.496031] NET: Registered protocol family 17
[    1.496073] Key type dns_resolver registered
[    1.496209] RAS: Correctable Errors collector initialized.
[    1.496217] sched_clock: Marking stable (1478673793, 15332773)->(1498220575, -4214009)
[    1.496316] registered taskstats version 1
[    1.496323] Loading compiled-in X.509 certificates
[    1.497939] Loaded X.509 cert 'Build time autogenerated kernel key: 74450e61645c9a9154c851fa91ae86f8d0551b73'
[    1.497960] zswap: loaded using pool lzo/zbud
[    1.503665] Key type big_key registered
[    1.505968] Key type encrypted registered
[    1.505971] AppArmor: AppArmor sha1 policy hashing enabled
[    1.505975] ima: No TPM chip found, activating TPM-bypass!
[    1.505979] ima: Allocated hash algorithm: sha1
[    1.505984] No architecture policies found
[    1.505989] evm: Initialising EVM extended attributes:
[    1.506022] evm: security.selinux
[    1.506052] evm: security.SMACK64
[    1.506052] evm: security.SMACK64EXEC
[    1.506053] evm: security.SMACK64TRANSMUTE
[    1.506053] evm: security.SMACK64MMAP
[    1.506054] evm: security.apparmor
[    1.506054] evm: security.ima
[    1.506054] evm: security.capability
[    1.506055] evm: HMAC attrs: 0x1
[    1.506322] PM:   Magic number: 8:238:777
[    1.506342] misc rfkill: hash matches
[    1.506383] rtc_cmos rtc_cmos: setting system clock to 2020-02-29T08:45:54 UTC (1582965954)
[    1.582167] ata2.00: ATAPI: VBOX CD-ROM, 1.0, max UDMA/133
[    1.582879] scsi 1:0:0:0: CD-ROM            VBOX     CD-ROM           1.0  PQ: 0 ANSI: 5
[    1.583360] sr 1:0:0:0: [sr0] scsi3-mmc drive: 32x/32x xa/form2 tray
[    1.583361] cdrom: Uniform CD-ROM driver Revision: 3.20
[    1.583468] sr 1:0:0:0: Attached scsi CD-ROM sr0
[    1.583593] sr 1:0:0:0: Attached scsi generic sg0 type 5
[    1.584729] Freeing unused decrypted memory: 2040K
[    1.584991] Freeing unused kernel image memory: 2660K
[    1.593712] Write protecting the kernel read-only data: 22528k
[    1.593986] Freeing unused kernel image memory: 2008K
[    1.594137] Freeing unused kernel image memory: 1480K
[    1.602600] x86/mm: Checked W+X mappings: passed, no W+X pages found.
[    1.602601] x86/mm: Checking user space page tables
[    1.610655] x86/mm: Checked W+X mappings: passed, no W+X pages found.
[    1.610659] Run /init as init process
[    1.721560] ACPI: Video Device [GFX0] (multi-head: yes  rom: no  post: no)
[    1.721616] input: Video Bus as /devices/LNXSYSTM:00/LNXSYBUS:00/PNP0A03:00/LNXVIDEO:00/input/input4
[    1.741219] piix4_smbus 0000:00:07.0: SMBus Host Controller at 0x4100, revision 0
[    1.743602] ahci 0000:00:0d.0: version 3.0
[    1.744467] ahci 0000:00:0d.0: SSS flag set, parallel bus scan disabled
[    1.744647] ahci 0000:00:0d.0: AHCI 0001.0100 32 slots 1 ports 3 Gbps 0x1 impl SATA mode
[    1.744649] ahci 0000:00:0d.0: flags: 64bit ncq stag only ccc 
[    1.747825] e1000: Intel(R) PRO/1000 Network Driver - version 7.3.21-k8-NAPI
[    1.747826] e1000: Copyright (c) 1999-2006 Intel Corporation.
[    1.756817] scsi host2: ahci
[    1.756894] ata3: SATA max UDMA/133 abar m8192@0xf1806000 port 0xf1806100 irq 21
[    1.943270] usb 1-1: new full-speed USB device number 2 using ohci-pci
[    1.962074] input: ImExPS/2 Generic Explorer Mouse as /devices/platform/i8042/serio1/input/input5
[    2.077900] ata3: SATA link up 3.0 Gbps (SStatus 123 SControl 300)
[    2.078176] ata3.00: ATA-6: VBOX HARDDISK, 1.0, max UDMA/133
[    2.078177] ata3.00: 104150976 sectors, multi 128: LBA48 NCQ (depth 32)
[    2.082673] ata3.00: configured for UDMA/133
[    2.082760] scsi 2:0:0:0: Direct-Access     ATA      VBOX HARDDISK    1.0  PQ: 0 ANSI: 5
[    2.082903] sd 2:0:0:0: [sda] 104150976 512-byte logical blocks: (53.3 GB/49.7 GiB)
[    2.082909] sd 2:0:0:0: [sda] Write Protect is off
[    2.082910] sd 2:0:0:0: [sda] Mode Sense: 00 3a 00 00
[    2.082919] sd 2:0:0:0: [sda] Write cache: enabled, read cache: enabled, doesn't support DPO or FUA
[    2.083048] sd 2:0:0:0: Attached scsi generic sg1 type 0
[    2.096203]  sda: sda1
[    2.096447] sd 2:0:0:0: [sda] Attached SCSI disk
[    2.150015] e1000 0000:00:03.0 eth0: (PCI:33MHz:32-bit) 08:00:27:3b:b0:24
[    2.150019] e1000 0000:00:03.0 eth0: Intel(R) PRO/1000 Network Connection
[    2.151089] e1000 0000:00:03.0 enp0s3: renamed from eth0
[    2.265149] usb 1-1: New USB device found, idVendor=80ee, idProduct=0021, bcdDevice= 1.00
[    2.265152] usb 1-1: New USB device strings: Mfr=1, Product=3, SerialNumber=0
[    2.265153] usb 1-1: Product: USB Tablet
[    2.265154] usb 1-1: Manufacturer: VirtualBox
[    2.275617] hidraw: raw HID events driver (C) Jiri Kosina
[    2.287410] usbcore: registered new interface driver usbhid
[    2.287412] usbhid: USB HID core driver
[    2.290537] input: VirtualBox USB Tablet as /devices/pci0000:00/0000:00:06.0/usb1/1-1/1-1:1.0/0003:80EE:0021.0001/input/input6
[    2.290793] hid-generic 0003:80EE:0021.0001: input,hidraw0: USB HID v1.10 Mouse [VirtualBox USB Tablet] on usb-0000:00:06.0-1/input0
[    2.342232] EXT4-fs (sda1): mounted filesystem with ordered data mode. Opts: (null)
[    2.463380] systemd[1]: systemd 237 running in system mode. (+PAM +AUDIT +SELINUX +IMA +APPARMOR +SMACK +SYSVINIT +UTMP +LIBCRYPTSETUP +GCRYPT +GNUTLS +ACL +XZ +LZ4 +SECCOMP +BLKID +ELFUTILS +KMOD -IDN2 +IDN -PCRE2 default-hierarchy=hybrid)
[    2.463398] systemd[1]: Detected virtualization oracle.
[    2.463403] systemd[1]: Detected architecture x86-64.
[    2.464598] systemd[1]: Set hostname to <lowkeyway>.
[    2.601515] systemd[1]: Reached target System Time Synchronized.
[    2.601567] systemd[1]: Reached target Remote File Systems.
[    2.601711] systemd[1]: Set up automount Arbitrary Executable File Formats File System Automount Point.
[    2.601841] systemd[1]: Created slice User and Session Slice.
[    2.601879] systemd[1]: Started Forward Password Requests to Wall Directory Watch.
[    2.601887] systemd[1]: Reached target User and Group Name Lookups.
[    2.630413] bpfilter: Loaded bpfilter_umh pid 297
[    2.663883] lp: driver loaded but no devices found
[    2.679454] ppdev: user-space parallel port driver
[    2.681662] EXT4-fs (sda1): re-mounted. Opts: errors=remount-ro
[    2.910020] systemd-journald[294]: Received request to flush runtime journal from PID 1
[    3.052299] Adding 2097148k swap on /swapfile.  Priority:-2 extents:6 across:2260988k FS
[    3.566343] audit: type=1400 audit(1582965956.556:2): apparmor="STATUS" operation="profile_load" profile="unconfined" name="/sbin/dhclient" pid=497 comm="apparmor_parser"
[    3.566346] audit: type=1400 audit(1582965956.556:3): apparmor="STATUS" operation="profile_load" profile="unconfined" name="/usr/lib/NetworkManager/nm-dhcp-client.action" pid=497 comm="apparmor_parser"
[    3.566347] audit: type=1400 audit(1582965956.556:4): apparmor="STATUS" operation="profile_load" profile="unconfined" name="/usr/lib/NetworkManager/nm-dhcp-helper" pid=497 comm="apparmor_parser"
[    3.566348] audit: type=1400 audit(1582965956.556:5): apparmor="STATUS" operation="profile_load" profile="unconfined" name="/usr/lib/connman/scripts/dhclient-script" pid=497 comm="apparmor_parser"
[    3.604673] audit: type=1400 audit(1582965956.592:6): apparmor="STATUS" operation="profile_load" profile="unconfined" name="/usr/bin/evince" pid=498 comm="apparmor_parser"
[    3.604675] audit: type=1400 audit(1582965956.592:7): apparmor="STATUS" operation="profile_load" profile="unconfined" name="/usr/bin/evince//sanitized_helper" pid=498 comm="apparmor_parser"
[    3.604676] audit: type=1400 audit(1582965956.592:8): apparmor="STATUS" operation="profile_load" profile="unconfined" name="/usr/bin/evince-previewer" pid=498 comm="apparmor_parser"
[    3.604678] audit: type=1400 audit(1582965956.592:9): apparmor="STATUS" operation="profile_load" profile="unconfined" name="/usr/bin/evince-previewer//sanitized_helper" pid=498 comm="apparmor_parser"
[    3.604679] audit: type=1400 audit(1582965956.592:10): apparmor="STATUS" operation="profile_load" profile="unconfined" name="/usr/bin/evince-thumbnailer" pid=498 comm="apparmor_parser"
[    4.852690] vboxguest: loading out-of-tree module taints kernel.
[    5.288716] vgdrvHeartbeatInit: Setting up heartbeat to trigger every 2000 milliseconds
[    5.288908] input: Unspecified device as /devices/pci0000:00/0000:00:04.0/input/input7
[    5.370458] vboxguest: misc device minor 55, IRQ 20, I/O port d040, MMIO at 00000000f1400000 (size 0x400000)
[    5.370460] vboxguest: Successfully loaded version 6.0.14_Ubuntu (interface 0x00010004)
[    5.666292] e1000: enp0s3 NIC Link is Up 1000 Mbps Full Duplex, Flow Control: RX
[    5.669122] IPv6: ADDRCONF(NETDEV_CHANGE): enp0s3: link becomes ready
[    6.045921] RAPL PMU: API unit is 2^-32 Joules, 0 fixed counters, 10737418240 ms ovfl timer
[    6.055585] [drm] DMA map mode: Caching DMA mappings.
[    6.055620] [drm] Capabilities:
[    6.055620] [drm]   Cursor.
[    6.055621] [drm]   Cursor bypass 2.
[    6.055621] [drm]   Alpha cursor.
[    6.055621] [drm]   3D.
[    6.055622] [drm]   Extended Fifo.
[    6.055622] [drm]   Pitchlock.
[    6.055622] [drm]   Irq mask.
[    6.055622] [drm]   GMR.
[    6.055623] [drm]   Traces.
[    6.055623] [drm]   GMR2.
[    6.055623] [drm]   Screen Object 2.
[    6.055624] [drm] Max GMR ids is 8192
[    6.055625] [drm] Max number of GMR pages is 1048576
[    6.055625] [drm] Max dedicated hypervisor surface memory is 507904 kiB
[    6.055625] [drm] Maximum display memory size is 16384 kiB
[    6.055626] [drm] VRAM at 0xf0000000 size is 16384 kiB
[    6.055626] [drm] MMIO at 0xf1000000 size is 2048 kiB
[    6.078282] [TTM] Zone  kernel: Available graphics memory: 1017740 KiB
[    6.078287] [TTM] Initializing pool allocator
[    6.078296] [TTM] Initializing DMA pool allocator
[    6.078358] [drm] Supports vblank timestamp caching Rev 2 (21.10.2013).
[    6.078359] [drm] No driver support for vblank timestamp query.
[    6.078817] [drm] Screen Objects Display Unit initialized
[    6.078906] [drm] width 720
[    6.078915] [drm] height 400
[    6.078924] [drm] bpp 32
[    6.079090] [drm] Fifo max 0x00200000 min 0x00001000 cap 0x00000355
[    6.079097] [drm] DX: no.
[    6.079097] [drm] Atomic: yes.
[    6.079098] [drm] SM4_1: no.
[    6.079113] [drm:vmw_host_log [vmwgfx]] *ERROR* Failed to send host log message.
[    6.079890] [drm:vmw_host_log [vmwgfx]] *ERROR* Failed to send host log message.
[    6.092160] cryptd: max_cpu_qlen set to 1000
[    6.309896] fbcon: svgadrmfb (fb0) is primary device
[    6.335389] AVX2 version of gcm_enc/dec engaged.
[    6.335389] AES CTR mode by8 optimization enabled
[    6.398357] Console: switching to colour frame buffer device 100x37
[    6.565085] [drm] Initialized vmwgfx 2.15.0 20180704 for 0000:00:02.0 on minor 0
[    6.897200] snd_intel8x0 0000:00:05.0: white list rate for 1028:0177 is 48000
[   23.425004] 08:46:16.418556 main     VBoxService 6.0.10 r132072 (verbosity: 0) linux.amd64 (Jul 12 2019 11:05:23) release log
               08:46:16.418559 main     Log opened 2020-02-29T08:46:16.418487000Z
[   23.425048] 08:46:16.418649 main     OS Product: Linux
[   23.425072] 08:46:16.418676 main     OS Release: 5.3.0-40-generic
[   23.425096] 08:46:16.418700 main     OS Version: #32~18.04.1-Ubuntu SMP Mon Feb 3 14:05:59 UTC 2020
[   23.425135] 08:46:16.418724 main     Executable: /opt/VBoxGuestAdditions-6.0.10/sbin/VBoxService
               08:46:16.418725 main     Process ID: 1758
               08:46:16.418726 main     Package type: LINUX_64BITS_GENERIC
[   23.427173] 08:46:16.420753 main     6.0.10 r132072 started. Verbose level = 0
[   23.428334] 08:46:16.421917 main     vbglR3GuestCtrlDetectPeekGetCancelSupport: Supported (#1)
[   23.450567] vboxsf: g_fHostFeatures=0x8000000f g_fSfFeatures=0x1 g_uSfLastFunction=29
[   23.450771] vboxsf: Successfully loaded version 6.0.14_Ubuntu
[   23.450803] vboxsf: Successfully loaded version 6.0.14_Ubuntu on 5.3.0-40-generic SMP mod_unload  (LINUX_VERSION_CODE=0x50312)
[   23.452217] 08:46:16.445792 automount vbsvcAutomounterMountIt: Successfully mounted '03_Ubuntu' on '/media/sf_03_Ubuntu'
[   31.531415] [UFW BLOCK] IN=enp0s3 OUT= MAC= SRC=fe80:0000:0000:0000:5c28:7396:d60c:bc28 DST=ff02:0000:0000:0000:0000:0000:0000:0001 LEN=64 TC=0 HOPLIMIT=1 FLOWLBL=611179 PROTO=UDP SPT=8612 DPT=8612 LEN=24 
[   31.531486] [UFW BLOCK] IN=enp0s3 OUT= MAC= SRC=fe80:0000:0000:0000:5c28:7396:d60c:bc28 DST=ff02:0000:0000:0000:0000:0000:0000:0001 LEN=64 TC=0 HOPLIMIT=1 FLOWLBL=707244 PROTO=UDP SPT=8612 DPT=8610 LEN=24 
[   31.541861] [UFW BLOCK] IN=enp0s3 OUT= MAC= SRC=fe80:0000:0000:0000:5c28:7396:d60c:bc28 DST=ff02:0000:0000:0000:0000:0000:0000:0001 LEN=64 TC=0 HOPLIMIT=1 FLOWLBL=611179 PROTO=UDP SPT=8612 DPT=8612 LEN=24 
[   31.541913] [UFW BLOCK] IN=enp0s3 OUT= MAC= SRC=fe80:0000:0000:0000:5c28:7396:d60c:bc28 DST=ff02:0000:0000:0000:0000:0000:0000:0001 LEN=64 TC=0 HOPLIMIT=1 FLOWLBL=707244 PROTO=UDP SPT=8612 DPT=8610 LEN=24 
[   48.338784] rfkill: input handler disabled
[   61.242582] ISO 9660 Extensions: Microsoft Joliet Level 3
[   61.261079] ISO 9660 Extensions: RRIP_1991A
[   91.073066] ldd3_scull: module verification failed: signature and/or required key missing - tainting kernel
[   91.074866] scull_init 356 
[   91.074868] scull_setup_dev 324, Register success!
[   91.074869] scull_major=241, scull_minor=0
[   91.074887] scull_bus_init 193, "/sys/bus/ldd" register success!
[   91.074897] scull_bus_init 202, "/sys/devices/ldd0" register success!
[   91.074906] scull_bus_uevent 165, called!
[   91.074911] sculld_device_register 117 sculld device register success
[   91.074911] scull_bus_init 217, "/sys/bus/ldd/devices/sculld0" register success!
[   91.074913] scull_bus_match 136, called!
[   91.074914] DeviceName: (null)
[   91.074918] BUG: kernel NULL pointer dereference, address: 0000000000000000
[   91.074920] #PF: supervisor read access in kernel mode
[   91.074921] #PF: error_code(0x0000) - not-present page
[   91.074922] PGD 0 P4D 0 
[   91.074925] Oops: 0000 [#1] SMP PTI
[   91.074927] CPU: 0 PID: 2942 Comm: insmod Tainted: G           OE     5.3.0-40-generic #32~18.04.1-Ubuntu
[   91.074928] Hardware name: innotek GmbH VirtualBox/VirtualBox, BIOS VirtualBox 12/01/2006
[   91.074932] RIP: 0010:scull_bus_match+0xdf/0x100 [ldd3_scull]
[   91.074934] Code: 8d 50 ff e8 b3 0e 1e f7 85 c0 0f 94 c0 0f b6 c0 eb 84 31 f6 48 c7 c7 16 a9 49 c0 e8 7e f3 86 f6 48 8b 7b 50 31 c0 48 83 c9 ff <f2> ae 48 c7 c7 26 a9 49 c0 48 89 c8 48 f7 d0 48 8d 70 ff e8 5c f3
[   91.074935] RSP: 0018:ffffaab0847f3b30 EFLAGS: 00010286
[   91.074937] RAX: 0000000000000000 RBX: ffffffffc049cdd0 RCX: ffffffffffffffff
[   91.074937] RDX: 0000000000000000 RSI: 0000000000000086 RDI: 0000000000000000
[   91.074938] RBP: ffffaab0847f3b40 R08: 0000000000000221 R09: 0000000000000004
[   91.074939] R10: 0000000000000000 R11: 0000000000000001 R12: ffffffffc049c3f0
[   91.074940] R13: ffffffffc049c760 R14: 0000000000000000 R15: ffffffffc049c840
[   91.074942] FS:  00007f6516adb540(0000) GS:ffff96eefda00000(0000) knlGS:0000000000000000
[   91.074943] CS:  0010 DS: 0000 ES: 0000 CR0: 0000000080050033
[   91.074944] CR2: 0000000000000000 CR3: 00000000791b0002 CR4: 00000000000606f0
[   91.074948] DR0: 0000000000000000 DR1: 0000000000000000 DR2: 0000000000000000
[   91.074949] DR3: 0000000000000000 DR6: 00000000fffe0ff0 DR7: 0000000000000400
[   91.074950] Call Trace:
[   91.074955]  __driver_attach+0x2a/0x140
[   91.074956]  ? device_driver_attach+0x60/0x60
[   91.074958]  ? device_driver_attach+0x60/0x60
[   91.074960]  bus_for_each_dev+0x74/0xb0
[   91.074962]  ? kmem_cache_alloc_trace+0x1ff/0x210
[   91.074964]  driver_attach+0x1e/0x20
[   91.074966]  bus_add_driver+0x147/0x220
[   91.074968]  driver_register+0x60/0x100
[   91.074970]  register_ldd_driver+0x1b/0x60 [ldd3_scull]
[   91.074973]  scull_bus_init+0x145/0x220 [ldd3_scull]
[   91.074975]  ? scull_ioctl+0x30/0x30 [ldd3_scull]
[   91.074977]  scull_init+0x143/0x220 [ldd3_scull]
[   91.074980]  do_one_initcall+0x4a/0x1fa
[   91.074983]  ? _cond_resched+0x19/0x40
[   91.074984]  ? kmem_cache_alloc_trace+0x1ff/0x210
[   91.074987]  do_init_module+0x5f/0x227
[   91.074989]  load_module+0x1b96/0x2140
[   91.074993]  __do_sys_finit_module+0xfc/0x120
[   91.074995]  ? __do_sys_finit_module+0xfc/0x120
[   91.074998]  __x64_sys_finit_module+0x1a/0x20
[   91.075000]  do_syscall_64+0x5a/0x130
[   91.075001]  entry_SYSCALL_64_after_hwframe+0x44/0xa9
[   91.075003] RIP: 0033:0x7f65165f4839
[   91.075005] Code: 00 f3 c3 66 2e 0f 1f 84 00 00 00 00 00 0f 1f 40 00 48 89 f8 48 89 f7 48 89 d6 48 89 ca 4d 89 c2 4d 89 c8 4c 8b 4c 24 08 0f 05 <48> 3d 01 f0 ff ff 73 01 c3 48 8b 0d 1f f6 2c 00 f7 d8 64 89 01 48
[   91.075006] RSP: 002b:00007ffd64e11d38 EFLAGS: 00000246 ORIG_RAX: 0000000000000139
[   91.075007] RAX: ffffffffffffffda RBX: 00005610385f57a0 RCX: 00007f65165f4839
[   91.075008] RDX: 0000000000000000 RSI: 000056103726ed2e RDI: 0000000000000003
[   91.075009] RBP: 000056103726ed2e R08: 0000000000000000 R09: 00007f65168c7000
[   91.075010] R10: 0000000000000003 R11: 0000000000000246 R12: 0000000000000000
[   91.075011] R13: 00005610385f5760 R14: 0000000000000000 R15: 0000000000000000
[   91.075012] Modules linked in: ldd3_scull(OE+) nls_utf8 isofs vboxsf(O) vboxvideo drm_vram_helper intel_rapl_msr intel_rapl_common intel_powerclamp crct10dif_pclmul crc32_pclmul ghash_clmulni_intel snd_intel8x0 snd_ac97_codec ac97_bus snd_pcm aesni_intel aes_x86_64 crypto_simd cryptd snd_seq_midi glue_helper snd_seq_midi_event intel_rapl_perf vmwgfx snd_rawmidi ttm snd_seq input_leds drm_kms_helper serio_raw snd_seq_device joydev snd_timer vboxguest(O) drm snd soundcore fb_sys_fops syscopyarea sysfillrect sysimgblt mac_hid binfmt_misc ip6t_REJECT nf_reject_ipv6 nf_log_ipv6 xt_hl ip6t_rt ipt_REJECT nf_reject_ipv4 nf_log_ipv4 nf_log_common xt_LOG xt_limit xt_tcpudp xt_addrtype xt_conntrack sch_fq_codel ip6table_filter ip6_tables nf_conntrack_netbios_ns nf_conntrack_broadcast nf_nat_ftp nf_nat parport_pc nf_conntrack_ftp ppdev nf_conntrack nf_defrag_ipv6 nf_defrag_ipv4 libcrc32c iptable_filter lp parport bpfilter ip_tables x_tables autofs4 hid_generic usbhid hid psmouse e1000 ahci libahci
[   91.075041]  i2c_piix4 pata_acpi video
[   91.075045] CR2: 0000000000000000
[   91.075047] ---[ end trace 27da76266b4a859a ]---
[   91.075050] RIP: 0010:scull_bus_match+0xdf/0x100 [ldd3_scull]
[   91.075051] Code: 8d 50 ff e8 b3 0e 1e f7 85 c0 0f 94 c0 0f b6 c0 eb 84 31 f6 48 c7 c7 16 a9 49 c0 e8 7e f3 86 f6 48 8b 7b 50 31 c0 48 83 c9 ff <f2> ae 48 c7 c7 26 a9 49 c0 48 89 c8 48 f7 d0 48 8d 70 ff e8 5c f3
[   91.075052] RSP: 0018:ffffaab0847f3b30 EFLAGS: 00010286
[   91.075053] RAX: 0000000000000000 RBX: ffffffffc049cdd0 RCX: ffffffffffffffff
[   91.075054] RDX: 0000000000000000 RSI: 0000000000000086 RDI: 0000000000000000
[   91.075056] RBP: ffffaab0847f3b40 R08: 0000000000000221 R09: 0000000000000004
[   91.075057] R10: 0000000000000000 R11: 0000000000000001 R12: ffffffffc049c3f0
[   91.075058] R13: ffffffffc049c760 R14: 0000000000000000 R15: ffffffffc049c840
[   91.075060] FS:  00007f6516adb540(0000) GS:ffff96eefda00000(0000) knlGS:0000000000000000
[   91.075061] CS:  0010 DS: 0000 ES: 0000 CR0: 0000000080050033
[   91.075063] CR2: 0000000000000000 CR3: 00000000791b0002 CR4: 00000000000606f0
[   91.075064] DR0: 0000000000000000 DR1: 0000000000000000 DR2: 0000000000000000
[   91.075065] DR3: 0000000000000000 DR6: 00000000fffe0ff0 DR7: 0000000000000400
