[    0.000000] Linux version 5.3.0-28-generic (buildd@lcy01-amd64-009) (gcc version 7.4.0 (Ubuntu 7.4.0-1ubuntu1~18.04.1)) #30~18.04.1-Ubuntu SMP Fri Jan 17 06:14:09 UTC 2020 (Ubuntu 5.3.0-28.30~18.04.1-generic 5.3.13)
[    0.000000] Command line: BOOT_IMAGE=/boot/vmlinuz-5.3.0-28-generic root=UUID=44a73792-1700-4b7d-9c9b-210be5101657 ro quiet splash
[    0.000000] KERNEL supported cpus:
[    0.000000]   Intel GenuineIntel
[    0.000000]   AMD AuthenticAMD
[    0.000000]   Hygon HygonGenuine
[    0.000000]   Centaur CentaurHauls
[    0.000000]   zhaoxin   Shanghai  
[    0.000000] x86/fpu: Supporting XSAVE feature 0x001: 'x87 floating point registers'
[    0.000000] x86/fpu: Supporting XSAVE feature 0x002: 'SSE registers'
[    0.000000] x86/fpu: Supporting XSAVE feature 0x004: 'AVX registers'
[    0.000000] x86/fpu: xstate_offset[2]:  576, xstate_sizes[2]:  256
[    0.000000] x86/fpu: Enabled xstate features 0x7, context size is 832 bytes, using 'standard' format.
[    0.000000] BIOS-provided physical RAM map:
[    0.000000] BIOS-e820: [mem 0x0000000000000000-0x000000000009fbff] usable
[    0.000000] BIOS-e820: [mem 0x000000000009fc00-0x000000000009ffff] reserved
[    0.000000] BIOS-e820: [mem 0x00000000000f0000-0x00000000000fffff] reserved
[    0.000000] BIOS-e820: [mem 0x0000000000100000-0x00000000c20effff] usable
[    0.000000] BIOS-e820: [mem 0x00000000c20f0000-0x00000000c20fffff] ACPI data
[    0.000000] BIOS-e820: [mem 0x00000000fec00000-0x00000000fec00fff] reserved
[    0.000000] BIOS-e820: [mem 0x00000000fee00000-0x00000000fee00fff] reserved
[    0.000000] BIOS-e820: [mem 0x00000000fffc0000-0x00000000ffffffff] reserved
[    0.000000] NX (Execute Disable) protection: active
[    0.000000] SMBIOS 2.5 present.
[    0.000000] DMI: innotek GmbH VirtualBox/VirtualBox, BIOS VirtualBox 12/01/2006
[    0.000000] Hypervisor detected: KVM
[    0.000000] kvm-clock: Using msrs 4b564d01 and 4b564d00
[    0.000000] kvm-clock: cpu 0, msr 73601001, primary cpu clock
[    0.000000] kvm-clock: using sched offset of 4759926402 cycles
[    0.000002] clocksource: kvm-clock: mask: 0xffffffffffffffff max_cycles: 0x1cd42e4dffb, max_idle_ns: 881590591483 ns
[    0.000004] tsc: Detected 2904.006 MHz processor
[    0.003089] e820: update [mem 0x00000000-0x00000fff] usable ==> reserved
[    0.003091] e820: remove [mem 0x000a0000-0x000fffff] usable
[    0.003095] last_pfn = 0xc20f0 max_arch_pfn = 0x400000000
[    0.003105] MTRR default type: uncachable
[    0.003106] MTRR variable ranges disabled:
[    0.003108] Disabled
[    0.003109] x86/PAT: MTRRs disabled, skipping PAT initialization too.
[    0.003111] CPU MTRRs all blank - virtualized system.
[    0.003113] x86/PAT: Configuration [0-7]: WB  WT  UC- UC  WB  WT  UC- UC  
[    0.003152] found SMP MP-table at [mem 0x0009fff0-0x0009ffff]
[    0.090611] check: Scanning 1 areas for low memory corruption
[    0.090639] BRK [0x73801000, 0x73801fff] PGTABLE
[    0.090642] BRK [0x73802000, 0x73802fff] PGTABLE
[    0.090643] BRK [0x73803000, 0x73803fff] PGTABLE
[    0.090694] BRK [0x73804000, 0x73804fff] PGTABLE
[    0.090696] BRK [0x73805000, 0x73805fff] PGTABLE
[    0.090804] BRK [0x73806000, 0x73806fff] PGTABLE
[    0.091183] BRK [0x73807000, 0x73807fff] PGTABLE
[    0.091246] RAMDISK: [mem 0x333f5000-0x359f1fff]
[    0.091256] ACPI: Early table checksum verification disabled
[    0.091260] ACPI: RSDP 0x00000000000E0000 000024 (v02 VBOX  )
[    0.091263] ACPI: XSDT 0x00000000C20F0030 00003C (v01 VBOX   VBOXXSDT 00000001 ASL  00000061)
[    0.091267] ACPI: FACP 0x00000000C20F00F0 0000F4 (v04 VBOX   VBOXFACP 00000001 ASL  00000061)
[    0.091271] ACPI: DSDT 0x00000000C20F0470 0022EA (v02 VBOX   VBOXBIOS 00000002 INTL 20100528)
[    0.091274] ACPI: FACS 0x00000000C20F0200 000040
[    0.091276] ACPI: FACS 0x00000000C20F0200 000040
[    0.091279] ACPI: APIC 0x00000000C20F0240 000054 (v02 VBOX   VBOXAPIC 00000001 ASL  00000061)
[    0.091281] ACPI: SSDT 0x00000000C20F02A0 0001CC (v01 VBOX   VBOXCPUT 00000002 INTL 20100528)
[    0.091288] ACPI: Local APIC address 0xfee00000
[    0.091479] No NUMA configuration found
[    0.091480] Faking a node at [mem 0x0000000000000000-0x00000000c20effff]
[    0.091486] NODE_DATA(0) allocated [mem 0xc20c5000-0xc20effff]
[    0.091673] Zone ranges:
[    0.091674]   DMA      [mem 0x0000000000001000-0x0000000000ffffff]
[    0.091676]   DMA32    [mem 0x0000000001000000-0x00000000c20effff]
[    0.091676]   Normal   empty
[    0.091678]   Device   empty
[    0.091678] Movable zone start for each node
[    0.091681] Early memory node ranges
[    0.091682]   node   0: [mem 0x0000000000001000-0x000000000009efff]
[    0.091682]   node   0: [mem 0x0000000000100000-0x00000000c20effff]
[    0.119781] Zeroed struct page in unavailable ranges: 98 pages
[    0.119783] Initmem setup node 0 [mem 0x0000000000001000-0x00000000c20effff]
[    0.119785] On node 0 totalpages: 794766
[    0.119787]   DMA zone: 64 pages used for memmap
[    0.119787]   DMA zone: 21 pages reserved
[    0.119788]   DMA zone: 3998 pages, LIFO batch:0
[    0.119842]   DMA32 zone: 12356 pages used for memmap
[    0.119842]   DMA32 zone: 790768 pages, LIFO batch:63
[    0.394872] ACPI: PM-Timer IO Port: 0x4008
[    0.394875] ACPI: Local APIC address 0xfee00000
[    0.394924] IOAPIC[0]: apic_id 1, version 32, address 0xfec00000, GSI 0-23
[    0.394927] ACPI: INT_SRC_OVR (bus 0 bus_irq 0 global_irq 2 dfl dfl)
[    0.394928] ACPI: INT_SRC_OVR (bus 0 bus_irq 9 global_irq 9 low level)
[    0.394930] ACPI: IRQ0 used by override.
[    0.394931] ACPI: IRQ9 used by override.
[    0.394932] Using ACPI (MADT) for SMP configuration information
[    0.394937] smpboot: Allowing 1 CPUs, 0 hotplug CPUs
[    0.394955] PM: Registered nosave memory: [mem 0x00000000-0x00000fff]
[    0.394956] PM: Registered nosave memory: [mem 0x0009f000-0x0009ffff]
[    0.394957] PM: Registered nosave memory: [mem 0x000a0000-0x000effff]
[    0.394957] PM: Registered nosave memory: [mem 0x000f0000-0x000fffff]
[    0.394959] [mem 0xc2100000-0xfebfffff] available for PCI devices
[    0.394960] Booting paravirtualized kernel on KVM
[    0.394962] clocksource: refined-jiffies: mask: 0xffffffff max_cycles: 0xffffffff, max_idle_ns: 7645519600211568 ns
[    0.394965] setup_percpu: NR_CPUS:8192 nr_cpumask_bits:1 nr_cpu_ids:1 nr_node_ids:1
[    0.420904] percpu: Embedded 54 pages/cpu s184320 r8192 d28672 u2097152
[    0.420913] pcpu-alloc: s184320 r8192 d28672 u2097152 alloc=1*2097152
[    0.420915] pcpu-alloc: [0] 0 
[    0.420953] Built 1 zonelists, mobility grouping on.  Total pages: 782325
[    0.420954] Policy zone: DMA32
[    0.420956] Kernel command line: BOOT_IMAGE=/boot/vmlinuz-5.3.0-28-generic root=UUID=44a73792-1700-4b7d-9c9b-210be5101657 ro quiet splash
[    0.478333] Dentry cache hash table entries: 524288 (order: 10, 4194304 bytes, linear)
[    0.505306] Inode-cache hash table entries: 262144 (order: 9, 2097152 bytes, linear)
[    0.505338] mem auto-init: stack:off, heap alloc:on, heap free:off
[    0.505340] Calgary: detecting Calgary via BIOS EBDA area
[    0.505341] Calgary: Unable to locate Rio Grande table in EBDA - bailing!
[    0.510399] Memory: 3049468K/3179064K available (14339K kernel code, 2370K rwdata, 4668K rodata, 2660K init, 5076K bss, 129596K reserved, 0K cma-reserved)
[    0.538461] SLUB: HWalign=64, Order=0-3, MinObjects=0, CPUs=1, Nodes=1
[    0.538474] Kernel/User page tables isolation: enabled
[    0.538486] ftrace: allocating 42927 entries in 168 pages
[    0.586254] rcu: Hierarchical RCU implementation.
[    0.586256] rcu: 	RCU restricting CPUs from NR_CPUS=8192 to nr_cpu_ids=1.
[    0.586257] 	Tasks RCU enabled.
[    0.586257] rcu: RCU calculated value of scheduler-enlistment delay is 25 jiffies.
[    0.586258] rcu: Adjusting geometry for rcu_fanout_leaf=16, nr_cpu_ids=1
[    0.591073] NR_IRQS: 524544, nr_irqs: 256, preallocated irqs: 16
[    0.591451] random: crng done (trusting CPU's manufacturer)
[    0.600443] Console: colour VGA+ 80x25
[    0.600447] printk: console [tty0] enabled
[    0.600467] ACPI: Core revision 20190703
[    0.600601] APIC: Switch to symmetric I/O mode setup
[    0.600813] x2apic enabled
[    0.601078] Switched APIC routing to physical x2apic.
[    0.602257] ..TIMER: vector=0x30 apic1=0 pin1=2 apic2=-1 pin2=-1
[    0.602286] clocksource: tsc-early: mask: 0xffffffffffffffff max_cycles: 0x29dc0b74fd3, max_idle_ns: 440795242287 ns
[    0.602291] Calibrating delay loop (skipped) preset value.. 5808.01 BogoMIPS (lpj=11616024)
[    0.602293] pid_max: default: 32768 minimum: 301
[    0.602335] LSM: Security Framework initializing
[    0.602344] Yama: becoming mindful.
[    0.602361] AppArmor: AppArmor initialized
[    0.602397] Mount-cache hash table entries: 8192 (order: 4, 65536 bytes, linear)
[    0.602402] Mountpoint-cache hash table entries: 8192 (order: 4, 65536 bytes, linear)
[    0.602547] *** VALIDATE proc ***
[    0.602590] *** VALIDATE cgroup1 ***
[    0.602592] *** VALIDATE cgroup2 ***
[    0.602743] process: using mwait in idle threads
[    0.602749] Last level iTLB entries: 4KB 64, 2MB 8, 4MB 8
[    0.602749] Last level dTLB entries: 4KB 64, 2MB 0, 4MB 0, 1GB 4
[    0.602752] Spectre V1 : Mitigation: usercopy/swapgs barriers and __user pointer sanitization
[    0.602753] Spectre V2 : Mitigation: Full generic retpoline
[    0.602754] Spectre V2 : Spectre v2 / SpectreRSB mitigation: Filling RSB on context switch
[    0.602755] Speculative Store Bypass: Vulnerable
[    0.602758] MDS: Vulnerable: Clear CPU buffers attempted, no microcode
[    0.609575] Freeing SMP alternatives memory: 40K
[    0.719388] smpboot: CPU0: Intel(R) Core(TM) i7-7600U CPU @ 2.80GHz (family: 0x6, model: 0x8e, stepping: 0x9)
[    0.719491] Performance Events: unsupported p6 CPU model 142 no PMU driver, software events only.
[    0.719513] rcu: Hierarchical SRCU implementation.
[    0.719993] NMI watchdog: Perf NMI watchdog permanently disabled
[    0.720010] smp: Bringing up secondary CPUs ...
[    0.720011] smp: Brought up 1 node, 1 CPU
[    0.720012] smpboot: Max logical packages: 1
[    0.720013] smpboot: Total of 1 processors activated (5808.01 BogoMIPS)
[    0.726355] devtmpfs: initialized
[    0.726403] x86/mm: Memory block size: 128MB
[    0.730500] clocksource: jiffies: mask: 0xffffffff max_cycles: 0xffffffff, max_idle_ns: 7645041785100000 ns
[    0.730503] futex hash table entries: 256 (order: 2, 16384 bytes, linear)
[    0.730539] pinctrl core: initialized pinctrl subsystem
[    0.734307] PM: RTC time: 23:20:01, date: 2020-02-14
[    0.734411] NET: Registered protocol family 16
[    0.734505] audit: initializing netlink subsys (disabled)
[    0.734625] EISA bus registered
[    0.734626] cpuidle: using governor ladder
[    0.734626] cpuidle: using governor menu
[    0.734667] ACPI: bus type PCI registered
[    0.734668] acpiphp: ACPI Hot Plug PCI Controller Driver version: 0.5
[    0.742290] PCI: Using configuration type 1 for base access
[    0.742321] audit: type=2000 audit(1581722407.880:1): state=initialized audit_enabled=0 res=1
[    0.746788] HugeTLB registered 2.00 MiB page size, pre-allocated 0 pages
[    0.750639] ACPI: Added _OSI(Module Device)
[    0.750640] ACPI: Added _OSI(Processor Device)
[    0.750640] ACPI: Added _OSI(3.0 _SCP Extensions)
[    0.750641] ACPI: Added _OSI(Processor Aggregator Device)
[    0.750642] ACPI: Added _OSI(Linux-Dell-Video)
[    0.750642] ACPI: Added _OSI(Linux-Lenovo-NV-HDMI-Audio)
[    0.750643] ACPI: Added _OSI(Linux-HPI-Hybrid-Graphics)
[    0.754438] ACPI: 2 ACPI AML tables successfully acquired and loaded
[    0.756124] ACPI: Interpreter enabled
[    0.756133] ACPI: (supports S0 S5)
[    0.756134] ACPI: Using IOAPIC for interrupt routing
[    0.756396] PCI: Using host bridge windows from ACPI; if necessary, use "pci=nocrs" and report a bug
[    0.756503] ACPI: Enabled 2 GPEs in block 00 to 07
[    0.761489] ACPI: PCI Root Bridge [PCI0] (domain 0000 [bus 00-ff])
[    0.761493] acpi PNP0A03:00: _OSC: OS supports [ASPM ClockPM Segments MSI HPX-Type3]
[    0.762003] acpi PNP0A03:00: _OSC: not requesting OS control; OS requires [ExtendedConfig ASPM ClockPM MSI]
[    0.762010] acpi PNP0A03:00: fail to add MMCONFIG information, can't access extended PCI configuration space under this bridge.
[    0.762288] PCI host bridge to bus 0000:00
[    0.762288] pci_bus 0000:00: root bus resource [io  0x0000-0x0cf7 window]
[    0.762288] pci_bus 0000:00: root bus resource [io  0x0d00-0xffff window]
[    0.762288] pci_bus 0000:00: root bus resource [mem 0x000a0000-0x000bffff window]
[    0.762288] pci_bus 0000:00: root bus resource [mem 0xc2100000-0xfdffffff window]
[    0.762288] pci_bus 0000:00: root bus resource [bus 00-ff]
[    0.762304] pci 0000:00:00.0: [8086:1237] type 00 class 0x060000
[    0.763069] pci 0000:00:01.0: [8086:7000] type 00 class 0x060100
[    0.763675] pci 0000:00:01.1: [8086:7111] type 00 class 0x01018a
[    0.764016] pci 0000:00:01.1: reg 0x20: [io  0xd000-0xd00f]
[    0.764168] pci 0000:00:01.1: legacy IDE quirk: reg 0x10: [io  0x01f0-0x01f7]
[    0.764169] pci 0000:00:01.1: legacy IDE quirk: reg 0x14: [io  0x03f6]
[    0.764170] pci 0000:00:01.1: legacy IDE quirk: reg 0x18: [io  0x0170-0x0177]
[    0.764170] pci 0000:00:01.1: legacy IDE quirk: reg 0x1c: [io  0x0376]
[    0.764640] pci 0000:00:02.0: [15ad:0405] type 00 class 0x030000
[    0.766521] pci 0000:00:02.0: reg 0x10: [io  0xd010-0xd01f]
[    0.767857] pci 0000:00:02.0: reg 0x14: [mem 0xf0000000-0xf0ffffff]
[    0.769205] pci 0000:00:02.0: reg 0x18: [mem 0xf1000000-0xf11fffff]
[    0.774801] pci 0000:00:03.0: [8086:100e] type 00 class 0x020000
[    0.775973] pci 0000:00:03.0: reg 0x10: [mem 0xf1200000-0xf121ffff]
[    0.778139] pci 0000:00:03.0: reg 0x18: [io  0xd020-0xd027]
[    0.784187] pci 0000:00:04.0: [80ee:cafe] type 00 class 0x088000
[    0.785366] pci 0000:00:04.0: reg 0x10: [io  0xd040-0xd05f]
[    0.786361] pci 0000:00:04.0: reg 0x14: [mem 0xf1400000-0xf17fffff]
[    0.787452] pci 0000:00:04.0: reg 0x18: [mem 0xf1800000-0xf1803fff pref]
[    0.791936] pci 0000:00:05.0: [8086:2415] type 00 class 0x040100
[    0.792065] pci 0000:00:05.0: reg 0x10: [io  0xd100-0xd1ff]
[    0.792132] pci 0000:00:05.0: reg 0x14: [io  0xd200-0xd23f]
[    0.792943] pci 0000:00:06.0: [106b:003f] type 00 class 0x0c0310
[    0.794041] pci 0000:00:06.0: reg 0x10: [mem 0xf1804000-0xf1804fff]
[    0.801051] pci 0000:00:07.0: [8086:7113] type 00 class 0x068000
[    0.802586] pci 0000:00:07.0: quirk: [io  0x4000-0x403f] claimed by PIIX4 ACPI
[    0.802597] pci 0000:00:07.0: quirk: [io  0x4100-0x410f] claimed by PIIX4 SMB
[    0.805066] pci 0000:00:0d.0: [8086:2829] type 00 class 0x010601
[    0.806438] pci 0000:00:0d.0: reg 0x10: [io  0xd240-0xd247]
[    0.808092] pci 0000:00:0d.0: reg 0x14: [io  0xd248-0xd24b]
[    0.809669] pci 0000:00:0d.0: reg 0x18: [io  0xd250-0xd257]
[    0.810438] pci 0000:00:0d.0: reg 0x1c: [io  0xd258-0xd25b]
[    0.812056] pci 0000:00:0d.0: reg 0x20: [io  0xd260-0xd26f]
[    0.814403] pci 0000:00:0d.0: reg 0x24: [mem 0xf1806000-0xf1807fff]
[    0.823843] ACPI: PCI Interrupt Link [LNKA] (IRQs 5 9 10 *11)
[    0.824156] ACPI: PCI Interrupt Link [LNKB] (IRQs 5 9 *10 11)
[    0.824271] ACPI: PCI Interrupt Link [LNKC] (IRQs 5 *9 10 11)
[    0.824380] ACPI: PCI Interrupt Link [LNKD] (IRQs 5 9 10 *11)
[    0.824665] SCSI subsystem initialized
[    0.824686] libata version 3.00 loaded.
[    0.824722] pci 0000:00:02.0: vgaarb: setting as boot VGA device
[    0.824724] pci 0000:00:02.0: vgaarb: VGA device added: decodes=io+mem,owns=io+mem,locks=none
[    0.824726] pci 0000:00:02.0: vgaarb: bridge control possible
[    0.824726] vgaarb: loaded
[    0.824740] ACPI: bus type USB registered
[    0.824750] usbcore: registered new interface driver usbfs
[    0.824755] usbcore: registered new interface driver hub
[    0.824759] usbcore: registered new device driver usb
[    0.824778] pps_core: LinuxPPS API ver. 1 registered
[    0.824778] pps_core: Software ver. 5.3.6 - Copyright 2005-2007 Rodolfo Giometti <giometti@linux.it>
[    0.824780] PTP clock support registered
[    0.824803] EDAC MC: Ver: 3.0.0
[    0.830346] PCI: Using ACPI for IRQ routing
[    0.830348] PCI: pci_cache_line_size set to 64 bytes
[    0.842394] e820: reserve RAM buffer [mem 0x0009fc00-0x0009ffff]
[    0.842395] e820: reserve RAM buffer [mem 0xc20f0000-0xc3ffffff]
[    0.842488] NetLabel: Initializing
[    0.842488] NetLabel:  domain hash size = 128
[    0.842489] NetLabel:  protocols = UNLABELED CIPSOv4 CALIPSO
[    0.842503] NetLabel:  unlabeled traffic allowed by default
[    0.846385] clocksource: Switched to clocksource kvm-clock
[    0.949708] VFS: Disk quotas dquot_6.6.0
[    0.949719] VFS: Dquot-cache hash table entries: 512 (order 0, 4096 bytes)
[    0.949739] *** VALIDATE hugetlbfs ***
[    0.949797] AppArmor: AppArmor Filesystem Enabled
[    0.949818] pnp: PnP ACPI init
[    0.949999] pnp 00:00: Plug and Play ACPI device, IDs PNP0303 (active)
[    0.950082] pnp 00:01: Plug and Play ACPI device, IDs PNP0f03 (active)
[    0.950919] pnp: PnP ACPI: found 2 devices
[    0.952048] thermal_sys: Registered thermal governor 'fair_share'
[    0.952049] thermal_sys: Registered thermal governor 'bang_bang'
[    0.952050] thermal_sys: Registered thermal governor 'step_wise'
[    0.952050] thermal_sys: Registered thermal governor 'user_space'
[    0.952051] thermal_sys: Registered thermal governor 'power_allocator'
[    0.957098] clocksource: acpi_pm: mask: 0xffffff max_cycles: 0xffffff, max_idle_ns: 2085701024 ns
[    0.957140] pci_bus 0000:00: resource 4 [io  0x0000-0x0cf7 window]
[    0.957141] pci_bus 0000:00: resource 5 [io  0x0d00-0xffff window]
[    0.957142] pci_bus 0000:00: resource 6 [mem 0x000a0000-0x000bffff window]
[    0.957143] pci_bus 0000:00: resource 7 [mem 0xc2100000-0xfdffffff window]
[    0.957189] NET: Registered protocol family 2
[    0.957301] tcp_listen_portaddr_hash hash table entries: 2048 (order: 3, 32768 bytes, linear)
[    0.957315] TCP established hash table entries: 32768 (order: 6, 262144 bytes, linear)
[    0.981561] TCP bind hash table entries: 32768 (order: 7, 524288 bytes, linear)
[    0.981585] TCP: Hash tables configured (established 32768 bind 32768)
[    0.981627] UDP hash table entries: 2048 (order: 4, 65536 bytes, linear)
[    0.981635] UDP-Lite hash table entries: 2048 (order: 4, 65536 bytes, linear)
[    0.981724] NET: Registered protocol family 1
[    0.981741] NET: Registered protocol family 44
[    0.981766] pci 0000:00:00.0: Limiting direct PCI/PCI transfers
[    0.981781] pci 0000:00:01.0: Activating ISA DMA hang workarounds
[    0.981830] pci 0000:00:02.0: Video device with shadowed ROM at [mem 0x000c0000-0x000dffff]
[    0.983490] PCI: CLS 0 bytes, default 64
[    0.983531] Trying to unpack rootfs image as initramfs...
[    3.311590] Freeing initrd memory: 38900K
[    3.311674] clocksource: tsc: mask: 0xffffffffffffffff max_cycles: 0x29dc0b74fd3, max_idle_ns: 440795242287 ns
[    3.311681] clocksource: Switched to clocksource tsc
[    3.311711] platform rtc_cmos: registered platform RTC device (no PNP device found)
[    3.311728] check: Scanning for low memory corruption every 60 seconds
[    3.312682] Initialise system trusted keyrings
[    3.312688] Key type blacklist registered
[    3.312704] workingset: timestamp_bits=36 max_order=20 bucket_order=0
[    3.313942] zbud: loaded
[    3.314239] squashfs: version 4.0 (2009/01/31) Phillip Lougher
[    3.314357] fuse: init (API version 7.31)
[    3.314465] Platform Keyring initialized
[    3.317141] Key type asymmetric registered
[    3.317141] Asymmetric key parser 'x509' registered
[    3.317148] Block layer SCSI generic (bsg) driver version 0.4 loaded (major 244)
[    3.317162] io scheduler mq-deadline registered
[    3.317241] shpchp: Standard Hot Plug PCI Controller Driver version: 0.4
[    3.317383] ACPI: AC Adapter [AC] (on-line)
[    3.317418] input: Power Button as /devices/LNXSYSTM:00/LNXPWRBN:00/input/input0
[    3.317426] ACPI: Power Button [PWRF]
[    3.317479] input: Sleep Button as /devices/LNXSYSTM:00/LNXSLPBN:00/input/input1
[    3.317483] ACPI: Sleep Button [SLPF]
[    3.318600] battery: ACPI: Battery Slot [BAT0] (battery present)
[    3.318657] Serial: 8250/16550 driver, 32 ports, IRQ sharing enabled
[    3.320067] Linux agpgart interface v0.103
[    3.321221] loop: module loaded
[    3.321317] ata_piix 0000:00:01.1: version 2.13
[    3.321622] scsi host0: ata_piix
[    3.321684] scsi host1: ata_piix
[    3.321707] ata1: PATA max UDMA/33 cmd 0x1f0 ctl 0x3f6 bmdma 0xd000 irq 14
[    3.321707] ata2: PATA max UDMA/33 cmd 0x170 ctl 0x376 bmdma 0xd008 irq 15
[    3.321783] libphy: Fixed MDIO Bus: probed
[    3.321784] tun: Universal TUN/TAP device driver, 1.6
[    3.322094] PPP generic driver version 2.4.2
[    3.322132] ehci_hcd: USB 2.0 'Enhanced' Host Controller (EHCI) Driver
[    3.322135] ehci-pci: EHCI PCI platform driver
[    3.322156] ehci-platform: EHCI generic platform driver
[    3.322163] ohci_hcd: USB 1.1 'Open' Host Controller (OHCI) Driver
[    3.322165] ohci-pci: OHCI PCI platform driver
[    3.322943] ohci-pci 0000:00:06.0: OHCI PCI host controller
[    3.322947] ohci-pci 0000:00:06.0: new USB bus registered, assigned bus number 1
[    3.323000] ohci-pci 0000:00:06.0: irq 22, io mem 0xf1804000
[    3.383340] usb usb1: New USB device found, idVendor=1d6b, idProduct=0001, bcdDevice= 5.03
[    3.383342] usb usb1: New USB device strings: Mfr=3, Product=2, SerialNumber=1
[    3.383343] usb usb1: Product: OHCI PCI host controller
[    3.383344] usb usb1: Manufacturer: Linux 5.3.0-28-generic ohci_hcd
[    3.383345] usb usb1: SerialNumber: 0000:00:06.0
[    3.383428] hub 1-0:1.0: USB hub found
[    3.383438] hub 1-0:1.0: 12 ports detected
[    3.383732] ohci-platform: OHCI generic platform driver
[    3.383740] uhci_hcd: USB Universal Host Controller Interface driver
[    3.383779] i8042: PNP: PS/2 Controller [PNP0303:PS2K,PNP0f03:PS2M] at 0x60,0x64 irq 1,12
[    3.384184] serio: i8042 KBD port at 0x60,0x64 irq 1
[    3.384204] serio: i8042 AUX port at 0x60,0x64 irq 12
[    3.384258] mousedev: PS/2 mouse device common for all mice
[    3.384495] input: AT Translated Set 2 keyboard as /devices/platform/i8042/serio0/input/input2
[    3.384810] rtc_cmos rtc_cmos: registered as rtc0
[    3.384822] rtc_cmos rtc_cmos: alarms up to one day, 114 bytes nvram
[    3.384826] i2c /dev entries driver
[    3.384858] device-mapper: uevent: version 1.0.3
[    3.384898] device-mapper: ioctl: 4.40.0-ioctl (2019-01-18) initialised: dm-devel@redhat.com
[    3.384911] platform eisa.0: Probing EISA bus 0
[    3.384912] platform eisa.0: EISA: Cannot allocate resource for mainboard
[    3.384913] platform eisa.0: Cannot allocate resource for EISA slot 1
[    3.384914] platform eisa.0: Cannot allocate resource for EISA slot 2
[    3.384914] platform eisa.0: Cannot allocate resource for EISA slot 3
[    3.384915] platform eisa.0: Cannot allocate resource for EISA slot 4
[    3.384916] platform eisa.0: Cannot allocate resource for EISA slot 5
[    3.384917] platform eisa.0: Cannot allocate resource for EISA slot 6
[    3.384917] platform eisa.0: Cannot allocate resource for EISA slot 7
[    3.384918] platform eisa.0: Cannot allocate resource for EISA slot 8
[    3.384919] platform eisa.0: EISA: Detected 0 cards
[    3.384920] intel_pstate: CPU model not supported
[    3.384927] ledtrig-cpu: registered to indicate activity on CPUs
[    3.385011] intel_pmc_core intel_pmc_core.0:  initialized
[    3.385149] NET: Registered protocol family 10
[    3.389587] Segment Routing with IPv6
[    3.389607] NET: Registered protocol family 17
[    3.389632] Key type dns_resolver registered
[    3.389776] RAS: Correctable Errors collector initialized.
[    3.389784] sched_clock: Marking stable (3375607025, 10899710)->(3386824665, -317930)
[    3.389861] registered taskstats version 1
[    3.389867] Loading compiled-in X.509 certificates
[    3.391180] Loaded X.509 cert 'Build time autogenerated kernel key: c209d4e4513ddb6584e17c46859deb0bc3f91652'
[    3.391195] zswap: loaded using pool lzo/zbud
[    3.394974] Key type big_key registered
[    3.396873] Key type encrypted registered
[    3.396878] AppArmor: AppArmor sha1 policy hashing enabled
[    3.396883] ima: No TPM chip found, activating TPM-bypass!
[    3.396888] ima: Allocated hash algorithm: sha1
[    3.396893] No architecture policies found
[    3.396902] evm: Initialising EVM extended attributes:
[    3.396902] evm: security.selinux
[    3.396903] evm: security.SMACK64
[    3.396903] evm: security.SMACK64EXEC
[    3.396904] evm: security.SMACK64TRANSMUTE
[    3.396904] evm: security.SMACK64MMAP
[    3.396904] evm: security.apparmor
[    3.396905] evm: security.ima
[    3.396905] evm: security.capability
[    3.396906] evm: HMAC attrs: 0x1
[    3.397149] PM:   Magic number: 8:738:352
[    3.397361] rtc_cmos rtc_cmos: setting system clock to 2020-02-14T23:20:04 UTC (1581722404)
[    3.483075] ata2.00: ATAPI: VBOX CD-ROM, 1.0, max UDMA/133
[    3.483742] scsi 1:0:0:0: CD-ROM            VBOX     CD-ROM           1.0  PQ: 0 ANSI: 5
[    3.484320] sr 1:0:0:0: [sr0] scsi3-mmc drive: 32x/32x xa/form2 tray
[    3.484321] cdrom: Uniform CD-ROM driver Revision: 3.20
[    3.484413] sr 1:0:0:0: Attached scsi CD-ROM sr0
[    3.484537] sr 1:0:0:0: Attached scsi generic sg0 type 5
[    3.485672] Freeing unused decrypted memory: 2040K
[    3.485945] Freeing unused kernel image memory: 2660K
[    3.494777] Write protecting the kernel read-only data: 22528k
[    3.495065] Freeing unused kernel image memory: 2008K
[    3.495231] Freeing unused kernel image memory: 1476K
[    3.503202] x86/mm: Checked W+X mappings: passed, no W+X pages found.
[    3.503204] x86/mm: Checking user space page tables
[    3.511347] x86/mm: Checked W+X mappings: passed, no W+X pages found.
[    3.511350] Run /init as init process
[    3.640500] ACPI: Video Device [GFX0] (multi-head: yes  rom: no  post: no)
[    3.640553] input: Video Bus as /devices/LNXSYSTM:00/LNXSYBUS:00/PNP0A03:00/LNXVIDEO:00/input/input4
[    3.653524] e1000: Intel(R) PRO/1000 Network Driver - version 7.3.21-k8-NAPI
[    3.653535] e1000: Copyright (c) 1999-2006 Intel Corporation.
[    3.657616] piix4_smbus 0000:00:07.0: SMBus Host Controller at 0x4100, revision 0
[    3.659711] ahci 0000:00:0d.0: version 3.0
[    3.660320] ahci 0000:00:0d.0: SSS flag set, parallel bus scan disabled
[    3.660454] ahci 0000:00:0d.0: AHCI 0001.0100 32 slots 1 ports 3 Gbps 0x1 impl SATA mode
[    3.660456] ahci 0000:00:0d.0: flags: 64bit ncq stag only ccc 
[    3.668839] scsi host2: ahci
[    3.668896] ata3: SATA max UDMA/133 abar m8192@0xf1806000 port 0xf1806100 irq 21
[    3.842385] usb 1-1: new full-speed USB device number 2 using ohci-pci
[    3.867948] input: ImExPS/2 Generic Explorer Mouse as /devices/platform/i8042/serio1/input/input5
[    3.982066] ata3: SATA link up 3.0 Gbps (SStatus 123 SControl 300)
[    3.986574] ata3.00: ATA-6: VBOX HARDDISK, 1.0, max UDMA/133
[    3.986576] ata3.00: 20971520 sectors, multi 128: LBA48 NCQ (depth 32)
[    3.990961] ata3.00: configured for UDMA/133
[    3.991078] scsi 2:0:0:0: Direct-Access     ATA      VBOX HARDDISK    1.0  PQ: 0 ANSI: 5
[    3.991260] sd 2:0:0:0: [sda] 20971520 512-byte logical blocks: (10.7 GB/10.0 GiB)
[    3.991266] sd 2:0:0:0: [sda] Write Protect is off
[    3.991267] sd 2:0:0:0: [sda] Mode Sense: 00 3a 00 00
[    3.991275] sd 2:0:0:0: [sda] Write cache: enabled, read cache: enabled, doesn't support DPO or FUA
[    3.991410] sd 2:0:0:0: Attached scsi generic sg1 type 0
[    4.004438]  sda: sda1
[    4.004627] sd 2:0:0:0: [sda] Attached SCSI disk
[    4.070191] e1000 0000:00:03.0 eth0: (PCI:33MHz:32-bit) 08:00:27:17:b8:90
[    4.070198] e1000 0000:00:03.0 eth0: Intel(R) PRO/1000 Network Connection
[    4.071753] e1000 0000:00:03.0 enp0s3: renamed from eth0
[    4.166304] usb 1-1: New USB device found, idVendor=80ee, idProduct=0021, bcdDevice= 1.00
[    4.166306] usb 1-1: New USB device strings: Mfr=1, Product=3, SerialNumber=0
[    4.166308] usb 1-1: Product: USB Tablet
[    4.166310] usb 1-1: Manufacturer: VirtualBox
[    4.178062] hidraw: raw HID events driver (C) Jiri Kosina
[    4.193766] usbcore: registered new interface driver usbhid
[    4.193768] usbhid: USB HID core driver
[    4.197296] input: VirtualBox USB Tablet as /devices/pci0000:00/0000:00:06.0/usb1/1-1/1-1:1.0/0003:80EE:0021.0001/input/input6
[    4.197607] hid-generic 0003:80EE:0021.0001: input,hidraw0: USB HID v1.10 Mouse [VirtualBox USB Tablet] on usb-0000:00:06.0-1/input0
[    4.279371] EXT4-fs (sda1): mounted filesystem with ordered data mode. Opts: (null)
[    4.429094] systemd[1]: systemd 237 running in system mode. (+PAM +AUDIT +SELINUX +IMA +APPARMOR +SMACK +SYSVINIT +UTMP +LIBCRYPTSETUP +GCRYPT +GNUTLS +ACL +XZ +LZ4 +SECCOMP +BLKID +ELFUTILS +KMOD -IDN2 +IDN -PCRE2 default-hierarchy=hybrid)
[    4.429114] systemd[1]: Detected virtualization oracle.
[    4.429116] systemd[1]: Detected architecture x86-64.
[    4.430839] systemd[1]: Set hostname to <lowkeyway>.
[    4.631104] systemd[1]: Created slice User and Session Slice.
[    4.631260] systemd[1]: Created slice System Slice.
[    4.631327] systemd[1]: Listening on udev Control Socket.
[    4.631366] systemd[1]: Started Forward Password Requests to Wall Directory Watch.
[    4.631453] systemd[1]: Listening on udev Kernel Socket.
[    4.631537] systemd[1]: Listening on Journal Audit Socket.
[    4.729018] EXT4-fs (sda1): re-mounted. Opts: errors=remount-ro
[    4.734275] lp: driver loaded but no devices found
[    4.752258] ppdev: user-space parallel port driver
[    4.950691] systemd-journald[271]: Received request to flush runtime journal from PID 1
[    4.968142] systemd-journald[271]: File /var/log/journal/87ce2363322445c2baf5c5ba150e15c6/system.journal corrupted or uncleanly shut down, renaming and replacing.
[    5.010057] Adding 483800k swap on /swapfile.  Priority:-2 extents:2 across:491992k FS
[    5.876821] audit: type=1400 audit(1581722406.976:2): apparmor="STATUS" operation="profile_load" profile="unconfined" name="/sbin/dhclient" pid=415 comm="apparmor_parser"
[    5.876837] audit: type=1400 audit(1581722406.976:3): apparmor="STATUS" operation="profile_load" profile="unconfined" name="/usr/lib/NetworkManager/nm-dhcp-client.action" pid=415 comm="apparmor_parser"
[    5.876839] audit: type=1400 audit(1581722406.976:4): apparmor="STATUS" operation="profile_load" profile="unconfined" name="/usr/lib/NetworkManager/nm-dhcp-helper" pid=415 comm="apparmor_parser"
[    5.876841] audit: type=1400 audit(1581722406.976:5): apparmor="STATUS" operation="profile_load" profile="unconfined" name="/usr/lib/connman/scripts/dhclient-script" pid=415 comm="apparmor_parser"
[    5.927261] vboxguest: loading out-of-tree module taints kernel.
[    5.964256] vgdrvHeartbeatInit: Setting up heartbeat to trigger every 2000 milliseconds
[    5.964441] input: Unspecified device as /devices/pci0000:00/0000:00:04.0/input/input7
[    6.029164] audit: type=1400 audit(1581722407.128:6): apparmor="STATUS" operation="profile_load" profile="unconfined" name="/usr/bin/evince" pid=417 comm="apparmor_parser"
[    6.029168] audit: type=1400 audit(1581722407.128:7): apparmor="STATUS" operation="profile_load" profile="unconfined" name="/usr/bin/evince//sanitized_helper" pid=417 comm="apparmor_parser"
[    6.029169] audit: type=1400 audit(1581722407.128:8): apparmor="STATUS" operation="profile_load" profile="unconfined" name="/usr/bin/evince-previewer" pid=417 comm="apparmor_parser"
[    6.029171] audit: type=1400 audit(1581722407.128:9): apparmor="STATUS" operation="profile_load" profile="unconfined" name="/usr/bin/evince-previewer//sanitized_helper" pid=417 comm="apparmor_parser"
[    6.029173] audit: type=1400 audit(1581722407.128:10): apparmor="STATUS" operation="profile_load" profile="unconfined" name="/usr/bin/evince-thumbnailer" pid=417 comm="apparmor_parser"
[    6.035461] audit: type=1400 audit(1581722407.136:11): apparmor="STATUS" operation="profile_load" profile="unconfined" name="/usr/bin/man" pid=428 comm="apparmor_parser"
[    6.041628] vboxguest: misc device minor 54, IRQ 20, I/O port d040, MMIO at 00000000f1400000 (size 0x400000)
[    6.041629] vboxguest: Successfully loaded version 6.0.14_Ubuntu (interface 0x00010004)
[    6.725148] [drm] DMA map mode: Caching DMA mappings.
[    6.725203] [drm] Capabilities:
[    6.725203] [drm]   Cursor.
[    6.725204] [drm]   Cursor bypass 2.
[    6.725204] [drm]   Alpha cursor.
[    6.725204] [drm]   3D.
[    6.725204] [drm]   Extended Fifo.
[    6.725205] [drm]   Pitchlock.
[    6.725205] [drm]   Irq mask.
[    6.725205] [drm]   GMR.
[    6.725206] [drm]   Traces.
[    6.725206] [drm]   GMR2.
[    6.725206] [drm]   Screen Object 2.
[    6.725207] [drm] Max GMR ids is 8192
[    6.725214] [drm] Max number of GMR pages is 1048576
[    6.725215] [drm] Max dedicated hypervisor surface memory is 507904 kiB
[    6.725215] [drm] Maximum display memory size is 16384 kiB
[    6.725216] [drm] VRAM at 0xf0000000 size is 16384 kiB
[    6.725216] [drm] MMIO at 0xf1000000 size is 2048 kiB
[    6.728829] [TTM] Zone  kernel: Available graphics memory: 1548296 KiB
[    6.728831] [TTM] Initializing pool allocator
[    6.728845] [TTM] Initializing DMA pool allocator
[    6.728885] [drm] Supports vblank timestamp caching Rev 2 (21.10.2013).
[    6.728886] [drm] No driver support for vblank timestamp query.
[    6.729525] [drm] Screen Objects Display Unit initialized
[    6.729605] [drm] width 0
[    6.729613] [drm] height 0
[    6.729620] [drm] bpp 32
[    6.729854] [drm] Fifo max 0x00200000 min 0x00001000 cap 0x00000355
[    6.730016] [drm] DX: no.
[    6.730017] [drm] Atomic: yes.
[    6.730017] [drm] SM4_1: no.
[    6.730042] [drm:vmw_host_log [vmwgfx]] *ERROR* Failed to send host log message.
[    6.731440] [drm:vmw_host_log [vmwgfx]] *ERROR* Failed to send host log message.
[    6.734132] RAPL PMU: API unit is 2^-32 Joules, 0 fixed counters, 10737418240 ms ovfl timer
[    6.799722] fbcon: svgadrmfb (fb0) is primary device
[    6.848029] cryptd: max_cpu_qlen set to 1000
[    6.956373] Console: switching to colour frame buffer device 100x37
[    7.002705] [drm] Initialized vmwgfx 2.15.0 20180704 for 0000:00:02.0 on minor 0
[    7.061499] AVX2 version of gcm_enc/dec engaged.
[    7.061501] AES CTR mode by8 optimization enabled
[   10.353264] e1000: enp0s3 NIC Link is Up 1000 Mbps Full Duplex, Flow Control: RX
[   10.353604] IPv6: ADDRCONF(NETDEV_CHANGE): enp0s3: link becomes ready
[   10.640639] snd_intel8x0 0000:00:05.0: white list rate for 1028:0177 is 48000
[   32.629679] 23:20:33.732250 main     VBoxService 6.0.10 r132072 (verbosity: 0) linux.amd64 (Jul 12 2019 11:05:23) release log
               23:20:33.732255 main     Log opened 2020-02-14T23:20:33.732172000Z
[   32.629736] 23:20:33.732378 main     OS Product: Linux
[   32.629772] 23:20:33.732419 main     OS Release: 5.3.0-28-generic
[   32.629845] 23:20:33.732455 main     OS Version: #30~18.04.1-Ubuntu SMP Fri Jan 17 06:14:09 UTC 2020
[   32.629950] 23:20:33.732530 main     Executable: /opt/VBoxGuestAdditions-6.0.10/sbin/VBoxService
               23:20:33.732531 main     Process ID: 1931
               23:20:33.732532 main     Package type: LINUX_64BITS_GENERIC
[   32.632523] 23:20:33.735137 main     6.0.10 r132072 started. Verbose level = 0
[   32.633603] 23:20:33.736226 main     vbglR3GuestCtrlDetectPeekGetCancelSupport: Supported (#1)
[   32.647461] vboxsf: g_fHostFeatures=0x8000000f g_fSfFeatures=0x1 g_uSfLastFunction=29
[   32.647648] vboxsf: Successfully loaded version 6.0.14_Ubuntu
[   32.647689] vboxsf: Successfully loaded version 6.0.14_Ubuntu on 5.3.0-28-generic SMP mod_unload  (LINUX_VERSION_CODE=0x5030d)
[   32.648406] 23:20:33.751041 automount vbsvcAutomounterMountIt: Successfully mounted '03_Ubuntu' on '/media/sf_03_Ubuntu'
[ 3894.598869] hello: module license 'BSD/GPL' taints kernel.
[ 3894.598870] Disabling lock debugging due to kernel taint
[ 3894.598887] hello: module verification failed: signature and/or required key missing - tainting kernel
[ 3894.600522] Hello world!
[ 3894.600523] Hello world!
[ 3894.600523] Hello world!
[ 3894.600523] Finish!
[ 4664.544011] Bybe!
[ 4731.310730] Hello world!
[ 4731.310732] Hello world!
[ 4731.310732] Hello world!
[ 4731.310732] str[0-10]: 
[ 4731.310734] 000000003e7abbd0 
[ 4731.310735] 00000000f9507f23 
[ 4731.310736] 00000000106b321b 
[ 4731.310737] 00000000fcf21e4d 
[ 4731.310737] 00000000a2864704 
[ 4731.310737] 00000000dcd6fa6c 
[ 4731.310738] 00000000abb99756 
[ 4731.310738] 00000000109bd211 
[ 4731.310738] 00000000925c2b65 
[ 4731.310739] 000000008c421e5f 

[ 4731.310739] sizeof synaData = 16
[ 4731.310740] Finish!
[ 4807.598491] Bybe!
[ 4819.986276] Hello world!
[ 4819.986277] Hello world!
[ 4819.986277] Hello world!
[ 4819.986278] str[0-10]: 
[ 4819.986278] 0x43e73c38 
[ 4819.986279] 0x43e73c39 
[ 4819.986279] 0x43e73c3a 
[ 4819.986279] 0x43e73c3b 
[ 4819.986280] 0x43e73c3c 
[ 4819.986280] 0x43e73c3d 
[ 4819.986280] 0x43e73c3e 
[ 4819.986281] 0x43e73c3f 
[ 4819.986281] 0x43e73c40 
[ 4819.986282] 0x43e73c41 

[ 4819.986282] sizeof synaData = 16
[ 4819.986283] Finish!
[ 5817.647164] rfkill: input handler disabled
[ 5822.873617] ISO 9660 Extensions: Microsoft Joliet Level 3
[ 5822.883936] ISO 9660 Extensions: RRIP_1991A
[ 5932.812743] Bybe!
[ 5955.466142] Hello world!
[ 5955.466143] Hello world!
[ 5955.466143] Hello world!
[ 5955.466144] str[0-10]: 
[ 5955.466145] 0xffffb57444b13c38 
[ 5955.466145] 0xffffb57444b13c39 
[ 5955.466146] 0xffffb57444b13c3a 
[ 5955.466146] 0xffffb57444b13c3b 
[ 5955.466147] 0xffffb57444b13c3c 
[ 5955.466147] 0xffffb57444b13c3d 
[ 5955.466147] 0xffffb57444b13c3e 
[ 5955.466148] 0xffffb57444b13c3f 
[ 5955.466148] 0xffffb57444b13c40 
[ 5955.466148] 0xffffb57444b13c41 

[ 5955.466149] sizeof synaData = 16
[ 5955.466150] Finish!
[ 6117.698574] Bybe!
[ 6131.357918] Hello world!
[ 6131.357919] Hello world!
[ 6131.357920] Hello world!
[ 6131.357920] str[0-10]: 
[ 6131.357922] 0xffffb57444897c38 
[ 6131.357923] 0xffffb57444897c39 
[ 6131.357923] 0xffffb57444897c3a 
[ 6131.357923] 0xffffb57444897c3b 
[ 6131.357924] 0xffffb57444897c3c 
[ 6131.357924] 0xffffb57444897c3d 
[ 6131.357925] 0xffffb57444897c3e 
[ 6131.357925] 0xffffb57444897c3f 
[ 6131.357926] 0xffffb57444897c40 
[ 6131.357926] 0xffffb57444897c41 

[ 6131.357927] sizeof synaData = 16
[ 6131.357927] Add of sData.data is: 0xffffb57444897c38
[ 6131.357928] Add of sData.data++ is: 0xffffb57444897c39
[ 6131.357928] Finish!
[ 6248.005756] Bybe!
[ 6293.187426] Hello world!
[ 6293.187427] Hello world!
[ 6293.187427] Hello world!
[ 6293.187428] str[0-40]: 
[ 6293.187429] 0xffffb5744540bc1c 
[ 6293.187429] 0xffffb5744540bc1d 
[ 6293.187430] 0xffffb5744540bc1e 
[ 6293.187430] 0xffffb5744540bc1f 
[ 6293.187430] 0xffffb5744540bc20 
[ 6293.187431] 0xffffb5744540bc21 
[ 6293.187431] 0xffffb5744540bc22 
[ 6293.187431] 0xffffb5744540bc23 
[ 6293.187432] 0xffffb5744540bc24 
[ 6293.187432] 0xffffb5744540bc25 
[ 6293.187433] 0xffffb5744540bc26 
[ 6293.187433] 0xffffb5744540bc27 
[ 6293.187433] 0xffffb5744540bc28 
[ 6293.187434] 0xffffb5744540bc29 
[ 6293.187434] 0xffffb5744540bc2a 
[ 6293.187434] 0xffffb5744540bc2b 
[ 6293.187435] 0xffffb5744540bc2c 
[ 6293.187435] 0xffffb5744540bc2d 
[ 6293.187436] 0xffffb5744540bc2e 
[ 6293.187436] 0xffffb5744540bc2f 
[ 6293.187436] 0xffffb5744540bc30 
[ 6293.187437] 0xffffb5744540bc31 
[ 6293.187437] 0xffffb5744540bc32 
[ 6293.187437] 0xffffb5744540bc33 
[ 6293.187438] 0xffffb5744540bc34 
[ 6293.187438] 0xffffb5744540bc35 
[ 6293.187438] 0xffffb5744540bc36 
[ 6293.187439] 0xffffb5744540bc37 
[ 6293.187439] 0xffffb5744540bc38 
[ 6293.187440] 0xffffb5744540bc39 
[ 6293.187440] 0xffffb5744540bc3a 
[ 6293.187440] 0xffffb5744540bc3b 
[ 6293.187441] 0xffffb5744540bc3c 
[ 6293.187441] 0xffffb5744540bc3d 
[ 6293.187441] 0xffffb5744540bc3e 
[ 6293.187442] 0xffffb5744540bc3f 
[ 6293.187442] 0xffffb5744540bc40 
[ 6293.187443] 0xffffb5744540bc41 
[ 6293.187443] 0xffffb5744540bc42 
[ 6293.187443] 0xffffb5744540bc43 

[ 6293.187444] sizeof synaData = 44
[ 6293.187444] Add of sData.data   is: 0xffffb5744540bc1c
[ 6293.187445] Add of sData.data+1 is: 0xffffb5744540bc20
[ 6293.187445] Finish!
[53564.682951] 01:12:53.889748 timesync vgsvcTimeSyncWorker: Radical host time change: 39 618 465 000 000ns (HostNow=1 581 815 573 875 000 000 ns HostLast=1 581 775 955 410 000 000 ns)
[53574.703546] 01:13:03.913254 timesync vgsvcTimeSyncWorker: Radical guest time change: 39 618 522 821 000ns (GuestNow=1 581 815 583 913 243 000 ns GuestLast=1 581 775 965 390 422 000 ns fSetTimeLastLoop=true )
[95499.914274] 01:41:25.362235 timesync vgsvcTimeSyncWorker: Radical host time change: 46 190 059 000 000ns (HostNow=1 581 903 685 342 000 000 ns HostLast=1 581 857 495 283 000 000 ns)
[95509.933862] 01:41:35.382581 timesync vgsvcTimeSyncWorker: Radical guest time change: 46 186 453 430 000ns (GuestNow=1 581 903 695 376 994 000 ns GuestLast=1 581 857 508 923 564 000 ns fSetTimeLastLoop=true )
[97566.678923] snapd invoked oom-killer: gfp_mask=0x100cca(GFP_HIGHUSER_MOVABLE), order=0, oom_score_adj=-900
[97566.678926] CPU: 0 PID: 7603 Comm: snapd Tainted: P           OE     5.3.0-28-generic #30~18.04.1-Ubuntu
[97566.678927] Hardware name: innotek GmbH VirtualBox/VirtualBox, BIOS VirtualBox 12/01/2006
[97566.678927] Call Trace:
[97566.678933]  dump_stack+0x6d/0x95
[97566.678936]  dump_header+0x4f/0x200
[97566.678937]  oom_kill_process+0xe6/0x120
[97566.678939]  out_of_memory+0x109/0x510
[97566.678941]  __alloc_pages_slowpath+0xad1/0xe10
[97566.678944]  __alloc_pages_nodemask+0x2cd/0x320
[97566.678947]  alloc_pages_current+0x6a/0xe0
[97566.678949]  __page_cache_alloc+0x6a/0xa0
[97566.678950]  pagecache_get_page+0x9c/0x2b0
[97566.678952]  filemap_fault+0x39c/0x9f0
[97566.678954]  ? __update_load_avg_se+0x11c/0x2e0
[97566.678956]  ? __switch_to_asm+0x40/0x70
[97566.678958]  ? xas_load+0xc/0x80
[97566.678960]  ? xas_find+0x15b/0x1a0
[97566.678961]  ? filemap_map_pages+0x18f/0x380
[97566.678962]  ? __switch_to_asm+0x34/0x70
[97566.678964]  ? __switch_to_asm+0x40/0x70
[97566.678966]  __do_fault+0x57/0x117
[97566.678968]  __handle_mm_fault+0xda0/0x1230
[97566.678969]  ? __switch_to_asm+0x34/0x70
[97566.678972]  handle_mm_fault+0xcb/0x210
[97566.678974]  __do_page_fault+0x2a1/0x4d0
[97566.678976]  do_page_fault+0x2c/0xe0
[97566.678978]  page_fault+0x34/0x40
[97566.678979] RIP: 0033:0x559c6b19a120
[97566.678984] Code: Bad RIP value.
[97566.678984] RSP: 002b:00007f9be4e62ba8 EFLAGS: 00010246
[97566.678986] RAX: 00007f9be4e62bc0 RBX: 0000000000000000 RCX: 000000c4208bec00
[97566.678986] RDX: 000000c42003c000 RSI: 0000000000000001 RDI: 00007f9be4e62e01
[97566.678987] RBP: 00007f9be4e62c48 R08: 000000c4204b8900 R09: ffffffffffffffff
[97566.678988] R10: 0000000000000030 R11: 0000000000000000 R12: 0000000000000000
[97566.678988] R13: 0000000000000080 R14: 0000000000000011 R15: 0000000000000040
[97566.678990] Mem-Info:
[97566.678994] active_anon:561633 inactive_anon:140446 isolated_anon:0
                active_file:12 inactive_file:0 isolated_file:0
                unevictable:4 dirty:0 writeback:0 unstable:0
                slab_reclaimable:6977 slab_unreclaimable:11232
                mapped:104362 shmem:104374 pagetables:15823 bounce:0
                free:14222 free_pcp:354 free_cma:0
[97566.678996] Node 0 active_anon:2246532kB inactive_anon:561784kB active_file:48kB inactive_file:0kB unevictable:16kB isolated(anon):0kB isolated(file):0kB mapped:417448kB dirty:0kB writeback:0kB shmem:417496kB shmem_thp: 0kB shmem_pmdmapped: 0kB anon_thp: 0kB writeback_tmp:0kB unstable:0kB all_unreclaimable? yes
[97566.678997] Node 0 DMA free:12076kB min:232kB low:288kB high:344kB active_anon:3796kB inactive_anon:0kB active_file:0kB inactive_file:0kB unevictable:0kB writepending:0kB present:15992kB managed:15908kB mlocked:0kB kernel_stack:12kB pagetables:4kB bounce:0kB free_pcp:0kB local_pcp:0kB free_cma:0kB
[97566.679000] lowmem_reserve[]: 0 2962 2962 2962 2962
[97566.679001] Node 0 DMA32 free:44812kB min:44820kB low:56024kB high:67228kB active_anon:2242736kB inactive_anon:561784kB active_file:48kB inactive_file:0kB unevictable:16kB writepending:0kB present:3163072kB managed:3080684kB mlocked:16kB kernel_stack:15492kB pagetables:63288kB bounce:0kB free_pcp:1416kB local_pcp:1416kB free_cma:0kB
[97566.679004] lowmem_reserve[]: 0 0 0 0 0
[97566.679006] Node 0 DMA: 1*4kB (M) 3*8kB (UME) 1*16kB (E) 2*32kB (ME) 3*64kB (UE) 2*128kB (UE) 3*256kB (UME) 1*512kB (E) 2*1024kB (UE) 2*2048kB (ME) 1*4096kB (M) = 12076kB
[97566.679013] Node 0 DMA32: 356*4kB (ME) 469*8kB (UME) 400*16kB (UME) 250*32kB (UME) 115*64kB (UME) 56*128kB (UE) 26*256kB (UME) 6*512kB (E) 1*1024kB (M) 0*2048kB 0*4096kB = 44856kB
[97566.679021] Node 0 hugepages_total=0 hugepages_free=0 hugepages_surp=0 hugepages_size=2048kB
[97566.679021] 105863 total pagecache pages
[97566.679022] 1474 pages in swap cache
[97566.679023] Swap cache stats: add 130277, delete 128803, find 2374/5815
[97566.679024] Free swap  = 0kB
[97566.679024] Total swap = 483800kB
[97566.679025] 794766 pages RAM
[97566.679025] 0 pages HighMem/MovableOnly
[97566.679025] 20618 pages reserved
[97566.679026] 0 pages cma reserved
[97566.679026] 0 pages hwpoisoned
[97566.679027] Tasks state (memory values in pages):
[97566.679027] [  pid  ]   uid  tgid total_vm      rss pgtables_bytes swapents oom_score_adj name
[97566.679031] [    271]     0   271    23820      141   196608      161             0 systemd-journal
[97566.679033] [    294]     0   294    11643       35   118784      297         -1000 systemd-udevd
[97566.679035] [    381]   101   381    17724      119   167936      115             0 systemd-resolve
[97566.679036] [    502]     0   502   108581        0   356352      383             0 ModemManager
[97566.679038] [    503]     0   503    44409        1   241664     1979             0 networkd-dispat
[97566.679039] [    516]     0   516   129472      109   376832      527             0 udisksd
[97566.679041] [    518]     0   518     9606       25   110592       47             0 cron
[97566.679042] [    530]     0   530    17684       65   184320      138             0 systemd-logind
[97566.679043] [    537]     0   537     1137        0    53248       34             0 acpid
[97566.679045] [    547]     0   547    77216      155   229376      145             0 accounts-daemon
[97566.679046] [    548]   103   548    12941      468   143360      117          -900 dbus-daemon
[97566.679048] [    572]     0   572    11307       15   131072      129             0 wpa_supplicant
[97566.679049] [    573]     0   573   145189      449   466944      347             0 NetworkManager
[97566.679050] [    583]     0   583   165632     1930   233472      985          -900 snapd
[97566.679052] [    584]   102   584    65759      116   159744      191             0 rsyslogd
[97566.679053] [    590]   116   590    11814       65   135168       58             0 avahi-daemon
[97566.679055] [    600]   116   600    11769        9   131072       75             0 avahi-daemon
[97566.679056] [    635]     0   635    80471      730   262144      163             0 polkitd
[97566.679057] [    706]     0   706    48588        0   270336     2001             0 unattended-upgr
[97566.679059] [    738]     0   738    18074        1   188416      188         -1000 sshd
[97566.679060] [    804]   112   804   116652       17   393216      419             0 whoopsie
[97566.679062] [    811]   113   811    14235       26   143360       87             0 kerneloops
[97566.679063] [    813]   113   813    14235       26   147456       88             0 kerneloops
[97566.679064] [   1424]  1000  1424    19272      216   188416      174             0 systemd
[97566.679066] [   1425]  1000  1425    28501       35   249856      611             0 (sd-pam)
[97566.679067] [   1915]     0  1915    32957        0   139264       93             0 VBoxClient
[97566.679069] [   1916]     0  1916    32990        0   139264      108             0 VBoxClient
[97566.679070] [   1930]     0  1930    77076      152   217088      130             0 gdm3
[97566.679071] [   1939]     0  1939    81982       29   151552       86             0 VBoxService
[97566.679073] [   1951]     0  1951    65444        1   286720      338             0 gdm-session-wor
[97566.679074] [   1960]   121  1960    19234       75   196608      274             0 systemd
[97566.679075] [   1961]   121  1961    28501       44   249856      603             0 (sd-pam)
[97566.679077] [   1972]   121  1972    49478        0   151552      147             0 gdm-wayland-ses
[97566.679078] [   1974]   121  1974    12557        1   143360      219             0 dbus-daemon
[97566.679079] [   1976]   121  1976   178647      158   442368      452             0 gnome-session-b
[97566.679081] [   1982]   121  1982   742931     5732  1544192    22133             0 gnome-shell
[97566.679082] [   1989]     0  1989    80629      159   233472      165             0 upowerd
[97566.679084] [   1997]   121  1997    51711       28   442368     2401             0 Xwayland
[97566.679085] [   2000]   121  2000    91399        2   208896      244             0 at-spi-bus-laun
[97566.679086] [   2005]   121  2005    12481        1   143360      121             0 dbus-daemon
[97566.679088] [   2007]   121  2007    55191        0   196608      205             0 at-spi2-registr
[97566.679089] [   2010]   121  2010   288407       65   372736      736             0 pulseaudio
[97566.679090] [   2012]   109  2012    45876       19   126976       51             0 rtkit-daemon
[97566.679092] [   2023]   121  2023    93871        1   221184      383             0 ibus-daemon
[97566.679093] [   2026]   121  2026    73681        0   217088      211             0 ibus-dconf
[97566.679094] [   2029]   121  2029   119634        1   684032     2763             0 ibus-x11
[97566.679096] [   2031]   121  2031    73167        0   212992      204             0 ibus-portal
[97566.679097] [   2041]   121  2041    67949        0   155648      151             0 xdg-permission-
[97566.679099] [   2050]     0  2050    78861        0   245760      265             0 boltd
[97566.679100] [   2054]     0  2054   146640    11381   524288      232             0 packagekitd
[97566.679102] [   2055]   121  2055   125830        2   479232     1403             0 gsd-xsettings
[97566.679103] [   2061]   121  2061    73691        0   208896      238             0 gsd-a11y-settin
[97566.679104] [   2064]   121  2064    88609        1   458752     1230             0 gsd-clipboard
[97566.679106] [   2067]   121  2067   166884      400   516096      967             0 gsd-color
[97566.679107] [   2069]   121  2069    98465        1   442368      490             0 gsd-datetime
[97566.679109] [   2070]   121  2070    70971        0   184320      163             0 gsd-housekeepin
[97566.679110] [   2071]   121  2071   128811        1   512000     1389             0 gsd-keyboard
[97566.679125] [   2075]   121  2075   200436      146   544768     1205             0 gsd-media-keys
[97566.679127] [   2078]   121  2078    50536        0   159744      146             0 gsd-mouse
[97566.679128] [   2079]   121  2079   131505      198   532480     1204             0 gsd-power
[97566.679130] [   2082]   121  2082    66790        0   282624      303             0 gsd-print-notif
[97566.679131] [   2083]   121  2083    50541        0   159744      146             0 gsd-rfkill
[97566.679132] [   2084]   121  2084    68970        0   163840      160             0 gsd-screensaver
[97566.679134] [   2087]   121  2087    80430        0   249856      322             0 gsd-sharing
[97566.679135] [   2091]   121  2091   116143        0   262144      300             0 gsd-smartcard
[97566.679137] [   2095]   121  2095    85306        0   282624      322             0 gsd-sound
[97566.679138] [   2098]   121  2098   109855        1   499712     1383             0 gsd-wacom
[97566.679140] [   2124]   117  2124    84950        1   294912     1253             0 colord
[97566.679141] [   2146]   121  2146    54750        0   192512      210             0 ibus-engine-sim
[97566.679143] [   6967]     0  6967   103927      324   303104      162             0 gdm-session-wor
[97566.679145] [   6972]  1000  6972    72156      162   180224      122             0 gnome-keyring-d
[97566.679146] [   6976]  1000  6976    53062       77   163840       90             0 gdm-x-session
[97566.679148] [   6978]  1000  6978   164053    59884  1064960     6779             0 Xorg
[97566.679150] [   6983]  1000  6983    12833      422   139264       68             0 dbus-daemon
[97566.679151] [   6987]  1000  6987   160957      309   454656      391             0 gnome-session-b
[97566.679152] [   7068]  1000  7068    14921        4   118784       75             0 VBoxClient
[97566.679154] [   7069]  1000  7069    31985       52   147456       84             0 VBoxClient
[97566.679155] [   7079]  1000  7079    14921        3   118784       75             0 VBoxClient
[97566.679157] [   7080]  1000  7080    14955        4   122880       75             0 VBoxClient
[97566.679158] [   7086]  1000  7086    14921        2   118784       77             0 VBoxClient
[97566.679160] [   7087]  1000  7087    31467        0   135168       92             0 VBoxClient
[97566.679161] [   7094]  1000  7094    14921        1   126976       78             0 VBoxClient
[97566.679163] [   7095]  1000  7095    31596        0   135168      103             0 VBoxClient
[97566.679164] [   7105]  1000  7105     2825        9    61440       71             0 ssh-agent
[97566.679166] [   7108]  1000  7108    73021      164   196608       82             0 gvfsd
[97566.679167] [   7113]  1000  7113   108005       50   208896      167             0 gvfsd-fuse
[97566.679169] [   7122]  1000  7122    91979       38   229376      161             0 at-spi-bus-laun
[97566.679170] [   7127]  1000  7127    12482       62   139264       64             0 dbus-daemon
[97566.679172] [   7130]  1000  7130    55195       68   212992      112             0 at-spi2-registr
[97566.679174] [   7146]  1000  7146   798469    67660  2064384    17556             0 gnome-shell
[97566.679175] [   7157]  1000  7157   425516     2866   454656      184             0 pulseaudio
[97566.679177] [   7166]  1000  7166    96144     2691   249856      193             0 ibus-daemon
[97566.679178] [   7170]  1000  7170    74256       33   208896      153             0 ibus-dconf
[97566.679180] [   7172]  1000  7172    89244      163   442368     1046             0 ibus-x11
[97566.679181] [   7174]  1000  7174    73708       55   188416      132             0 ibus-portal
[97566.679183] [   7181]  1000  7181    67949       52   147456       74             0 xdg-permission-
[97566.679184] [   7189]  1000  7189   174175      187   536576      644             0 gnome-shell-cal
[97566.679185] [   7193]  1000  7193   245378      293   794624      844             0 evolution-sourc
[97566.679187] [   7201]  1000  7201   195481       50   692224     1347             0 goa-daemon
[97566.679188] [   7211]  1000  7211    98387       49   270336      238             0 goa-identity-se
[97566.679190] [   7221]  1000  7221    98571      189   258048      330             0 gvfs-udisks2-vo
[97566.679191] [   7226]  1000  7226    72190       68   180224      126             0 gvfs-gphoto2-vo
[97566.679192] [   7230]  1000  7230    94738       30   221184      188             0 gvfs-afc-volume
[97566.679194] [   7235]  1000  7235    68993       25   167936       92             0 gvfs-mtp-volume
[97566.679195] [   7239]  1000  7239    68544       42   163840       99             0 gvfs-goa-volume
[97566.679197] [   7244]  1000  7244   132000      395   524288      944             0 gsd-power
[97566.679198] [   7246]  1000  7246    87369      104   307200      237             0 gsd-print-notif
[97566.679200] [   7247]  1000  7247   105873       56   180224      104             0 gsd-rfkill
[97566.679201] [   7248]  1000  7248    68970       29   163840       85             0 gsd-screensaver
[97566.679202] [   7250]  1000  7250   117902      222   278528      232             0 gsd-sharing
[97566.679204] [   7256]  1000  7256    98252       43   262144      218             0 gsd-smartcard
[97566.679205] [   7258]  1000  7258    85846       50   282624      252             0 gsd-sound
[97566.679207] [   7261]  1000  7261   126348      208   479232     1142             0 gsd-xsettings
[97566.679208] [   7263]  1000  7263   110367      181   491520     1095             0 gsd-wacom
[97566.679209] [   7267]  1000  7267    74232       51   212992      163             0 gsd-a11y-settin
[97566.679211] [   7269]  1000  7269    89157      152   446464     1058             0 gsd-clipboard
[97566.679212] [   7270]  1000  7270   167394      458   536576      837             0 gsd-color
[97566.679214] [   7272]  1000  7272   119217       51   475136      483             0 gsd-datetime
[97566.679215] [   7275]  1000  7275    93743       99   212992      137             0 gsd-housekeepin
[97566.679216] [   7278]  1000  7278   129361      617   495616      698             0 gsd-keyboard
[97566.679218] [   7283]  1000  7283   219397      572   540672      844             0 gsd-media-keys
[97566.679219] [   7287]  1000  7287    74234       46   192512      170             0 gsd-mouse
[97566.679221] [   7311]  1000  7311   127228       86   450560      355             0 gsd-printer
[97566.679222] [   7346]  1000  7346   265277     3038   868352     2591             0 nautilus-deskto
[97566.679224] [   7347]  1000  7347    67983       35   167936      225             0 gsd-disk-utilit
[97566.679225] [   7396]  1000  7396    96102       83   237568      228             0 gvfsd-trash
[97566.679226] [   7408]  1000  7408   223664       70   909312     9912             0 evolution-calen
[97566.679228] [   7418]  1000  7418   234551      261   720896     9570             0 evolution-calen
[97566.679229] [   7420]  1000  7420    47004      124   143360       55             0 dconf-service
[97566.679231] [   7435]  1000  7435   183824       64   573440      798             0 evolution-addre
[97566.679232] [   7442]  1000  7442   219775        0   618496     1456             0 evolution-addre
[97566.679233] [   7451]  1000  7451    81356     3328   274432      188             0 ibus-engine-lib
[97566.679235] [   7493]  1000  7493   213804     4745   675840        0             0 gnome-terminal-
[97566.679236] [   7503]  1000  7503     7556      480    98304        0             0 bash
[97566.679238] [   7537]  1000  7537   279790    29446  1216512        8             0 gnome-software
[97566.679239] [   7539]  1000  7539   175616     1682   581632        0             0 update-notifier
[97566.679240] [   7573]     0  7573   141438     2788   528384        0             0 fwupd
[97566.679242] [   7623]  1000  7623   258528    16396  1048576        0             0 update-manager
[97566.679243] [   7786]  1000  7786     7556      485    98304        0             0 bash
[97566.679244] [   7807]  1000  7807     7556      464   102400        0             0 bash
[97566.679246] [   7816]  1000  7816   216745     1457   737280        0             0 deja-dup-monito
[97566.679247] [  10519]  1000 10519    55290      199   204800        0             0 ibus-engine-sim
[97566.679249] [  10534]  1000 10534    51150      153   167936        0             0 gvfsd-metadata
[97566.679250] [  10541]  1000 10541  1044382   151889  3186688        0             0 firefox
[97566.679252] [  10591]  1000 10591   702168    45845  1601536        0             0 Web Content
[97566.679253] [  10673]  1000 10673   658868     8775  1011712        0             0 WebExtensions
[97566.679255] [  10720]  1000 10720   753803    45913  2060288        0             0 Web Content
[97566.679256] [  10744]  1000 10744   697964    21183  1384448        0             0 Web Content
[97566.679257] [  10776]  1000 10776   770608    37883  1961984        0             0 Web Content
[97566.679259] [  10812]  1000 10812   752673    23496  1871872        0             0 Web Content
[97566.679260] [  10837]  1000 10837   837144    77575  2887680        0             0 Web Content
[97566.679262] [  10937]  1000 10937   259385     5530   905216        0             0 nautilus
[97566.679263] [  10956]  1000 10956    96117      267   233472        0             0 gvfsd-network
[97566.679264] [  10973]  1000 10973    95356      257   229376        0             0 gvfsd-dnssd
[97566.679266] [  10997]  1000 10997   189711     7942   753664        0             0 gedit
[97566.679267] [  11260]  1000 11260   225447     7253   446464        0             0 vim
[97566.679269] [  11276]  1000 11276   249733    16502   634880        0             0 python3
[97566.679270] [  11320]  1000 11320   103649     3200   176128        0             0 clangd.main
[97566.679271] [  13469]  1000 13469     7523      444    98304        0             0 bash
[97566.679273] [  13502]  1000 13502   224843     6590   425984        0             0 vim
[97566.679274] [  13518]  1000 13518   249595    15368   598016        0             0 python3
[97566.679276] [  13562]  1000 13562    85215     2481   159744        0             0 clangd.main
[97566.679277] [  14959]  1000 14959   228199    10126   471040        0             0 vim
[97566.679278] [  14975]  1000 14975   249731    12057   581632        0             0 python3
[97566.679280] [  15021]  1000 15021   163254     6043   385024        0             0 clangd.main
[97566.679281] [  24584]     0 24584     6497      317    90112        0             0 dhclient
[97566.679283] [  25473]     0 25473     1156       16    53248        0             0 apt.systemd.dai
[97566.679284] [  25478]     0 25478     1156       34    57344        0             0 apt.systemd.dai
[97566.679285] [  25543]     0 25543    56447    10788   475136        0             0 unattended-upgr
[97566.679287] [  25602]     0 25602    27055      439   241664        0             0 cupsd
[97566.679288] [  25603]     0 25603    75882      349   348160        0             0 cups-browsed
[97566.679290] [  25691]  1000 25691    42072     7191   348160        0             0 apt-check
[97566.679291] oom-kill:constraint=CONSTRAINT_NONE,nodemask=(null),cpuset=/,mems_allowed=0,global_oom,task_memcg=/,task=firefox,pid=10541,uid=1000
[97566.679358] Out of memory: Killed process 10541 (firefox) total-vm:4177528kB, anon-rss:460228kB, file-rss:0kB, shmem-rss:147328kB
[97566.895201] oom_reaper: reaped process 10541 (firefox), now anon-rss:0kB, file-rss:0kB, shmem-rss:146860kB
[117394.220292] scull_init 356 
[117394.220293] scull_setup_dev 324, Register success!
[117394.220294] scull_major=241, scull_minor=0
[117394.220295] scull_init, register success, ret = 0
[118067.506222] scull_open 277
[118067.506227] BUG: kernel NULL pointer dereference, address: 0000000000000014
[118067.506229] #PF: supervisor read access in kernel mode
[118067.506230] #PF: error_code(0x0000) - not-present page
[118067.506231] PGD 0 P4D 0 
[118067.506233] Oops: 0000 [#1] SMP PTI
[118067.506235] CPU: 0 PID: 7786 Comm: bash Tainted: P           OE     5.3.0-28-generic #30~18.04.1-Ubuntu
[118067.506236] Hardware name: innotek GmbH VirtualBox/VirtualBox, BIOS VirtualBox 12/01/2006
[118067.506238] RIP: 0010:scull_open+0x9d/0x150 [scull]
[118067.506240] Code: e8 a8 e2 a7 c2 85 c0 41 89 c6 0f 85 9c 00 00 00 4d 63 7c 24 d4 45 85 ff 44 89 7d d4 74 53 41 8d 57 ff 48 8d 1c d5 08 00 00 00 <49> 8b 3f 48 85 ff 74 2b 8b 45 d4 85 c0 7e 18 45 31 ed 4a 8b 3c 2f
[118067.506241] RSP: 0018:ffffb5744464bbc8 EFLAGS: 00010206
[118067.506242] RAX: 0000000000000000 RBX: 00000000000000a0 RCX: 0000000000000000
[118067.506243] RDX: 0000000000000013 RSI: 0000000000000286 RDI: 0000000000000286
[118067.506243] RBP: ffffb5744464bc00 R08: 0000000000000388 R09: 0000000000000004
[118067.506244] R10: ffffb5744464bc30 R11: 0000000000000001 R12: ffffffffc087a518
[118067.506245] R13: ffff8f2cfa610070 R14: 0000000000000000 R15: 0000000000000014
[118067.506246] FS:  00007f036d1c6740(0000) GS:ffff8f2cfe800000(0000) knlGS:0000000000000000
[118067.506247] CS:  0010 DS: 0000 ES: 0000 CR0: 0000000080050033
[118067.506248] CR2: 0000000000000014 CR3: 000000001e168003 CR4: 00000000000606f0
[118067.506252] DR0: 0000000000000000 DR1: 0000000000000000 DR2: 0000000000000000
[118067.506253] DR3: 0000000000000000 DR6: 00000000fffe0ff0 DR7: 0000000000000400
[118067.506253] Call Trace:
[118067.506257]  chrdev_open+0xc4/0x1b0
[118067.506259]  ? cdev_put.part.2+0x20/0x20
[118067.506261]  do_dentry_open+0x1f8/0x3a0
[118067.506263]  vfs_open+0x2f/0x40
[118067.506265]  path_openat+0x2e8/0x1700
[118067.506267]  ? _copy_to_user+0x26/0x30
[118067.506269]  ? tty_set_ldisc+0x66/0x200
[118067.506272]  do_filp_open+0x9b/0x110
[118067.506274]  ? __check_object_size+0xdb/0x1b0
[118067.506276]  ? strncpy_from_user+0x54/0x190
[118067.506277]  ? __alloc_fd+0x46/0x170
[118067.506279]  do_sys_open+0x1bb/0x2d0
[118067.506281]  ? do_sys_open+0x1bb/0x2d0
[118067.506283]  ? __do_page_fault+0x2be/0x4d0
[118067.506285]  ? __x64_sys_rt_sigaction+0x88/0x110
[118067.506287]  __x64_sys_openat+0x20/0x30
[118067.506289]  do_syscall_64+0x5a/0x130
[118067.506291]  entry_SYSCALL_64_after_hwframe+0x44/0xa9
[118067.506292] RIP: 0033:0x7f036c8a8c8e
[118067.506293] Code: 25 00 00 41 00 3d 00 00 41 00 74 48 48 8d 05 81 0c 2e 00 8b 00 85 c0 75 69 89 f2 b8 01 01 00 00 48 89 fe bf 9c ff ff ff 0f 05 <48> 3d 00 f0 ff ff 0f 87 a6 00 00 00 48 8b 4c 24 28 64 48 33 0c 25
[118067.506294] RSP: 002b:00007fff79580720 EFLAGS: 00000246 ORIG_RAX: 0000000000000101
[118067.506295] RAX: ffffffffffffffda RBX: 00005646a594a9c0 RCX: 00007f036c8a8c8e
[118067.506296] RDX: 0000000000000241 RSI: 00005646a5932540 RDI: 00000000ffffff9c
[118067.506297] RBP: 00007fff79580820 R08: 0000000000000020 R09: 0000000000000000
[118067.506298] R10: 00000000000001b6 R11: 0000000000000246 R12: 0000000000000000
[118067.506298] R13: 0000000000000003 R14: 0000000000000001 R15: 00005646a5932540
[118067.506300] Modules linked in: scull(POE) hello(POE) nls_utf8 isofs vboxsf(O) vboxvideo drm_vram_helper intel_rapl_msr snd_intel8x0 snd_ac97_codec ac97_bus snd_pcm snd_seq_midi snd_seq_midi_event snd_rawmidi snd_seq joydev snd_seq_device snd_timer intel_rapl_common intel_powerclamp crct10dif_pclmul crc32_pclmul ghash_clmulni_intel aesni_intel aes_x86_64 crypto_simd cryptd glue_helper intel_rapl_perf vmwgfx ttm drm_kms_helper input_leds serio_raw drm snd fb_sys_fops syscopyarea sysfillrect soundcore vboxguest(O) sysimgblt binfmt_misc mac_hid sch_fq_codel parport_pc ppdev lp parport ip_tables x_tables autofs4 hid_generic usbhid hid psmouse ahci libahci i2c_piix4 e1000 pata_acpi video [last unloaded: hello]
[118067.506320] CR2: 0000000000000014
[118067.506321] ---[ end trace 7d025afdc451ac14 ]---
[118067.506323] RIP: 0010:scull_open+0x9d/0x150 [scull]
[118067.506324] Code: e8 a8 e2 a7 c2 85 c0 41 89 c6 0f 85 9c 00 00 00 4d 63 7c 24 d4 45 85 ff 44 89 7d d4 74 53 41 8d 57 ff 48 8d 1c d5 08 00 00 00 <49> 8b 3f 48 85 ff 74 2b 8b 45 d4 85 c0 7e 18 45 31 ed 4a 8b 3c 2f
[118067.506325] RSP: 0018:ffffb5744464bbc8 EFLAGS: 00010206
[118067.506326] RAX: 0000000000000000 RBX: 00000000000000a0 RCX: 0000000000000000
[118067.506326] RDX: 0000000000000013 RSI: 0000000000000286 RDI: 0000000000000286
[118067.506327] RBP: ffffb5744464bc00 R08: 0000000000000388 R09: 0000000000000004
[118067.506328] R10: ffffb5744464bc30 R11: 0000000000000001 R12: ffffffffc087a518
[118067.506329] R13: ffff8f2cfa610070 R14: 0000000000000000 R15: 0000000000000014
[118067.506330] FS:  00007f036d1c6740(0000) GS:ffff8f2cfe800000(0000) knlGS:0000000000000000
[118067.506330] CS:  0010 DS: 0000 ES: 0000 CR0: 0000000080050033
[118067.506331] CR2: 0000000000000014 CR3: 000000001e168003 CR4: 00000000000606f0
[118067.506332] DR0: 0000000000000000 DR1: 0000000000000000 DR2: 0000000000000000
[118067.506333] DR3: 0000000000000000 DR6: 00000000fffe0ff0 DR7: 0000000000000400
[118091.059025] scull_open 277
[118091.059050] scull_read 119, count=131072
[118093.973137] scull_read 133, Get sem fail!
[118093.973247] scull_release 298
[118826.588769] module: module is already loaded
